Archive member included to satisfy reference by file (symbol)

/Applications/STM32CubeIDE.app/Contents/Eclipse/plugins/com.st.stm32cube.ide.mcu.externaltools.gnu-tools-for-stm32.13.3.rel1.macos64_1.0.0.202411102158/tools/bin/../lib/gcc/arm-none-eabi/13.3.1/../../../../arm-none-eabi/lib/thumb/v7e-m+fp/hard/libstdc++_nano.a(del_ops.o)
                              ./Core/Src/OLED_Driver.o (operator delete(void*, unsigned int))
/Applications/STM32CubeIDE.app/Contents/Eclipse/plugins/com.st.stm32cube.ide.mcu.externaltools.gnu-tools-for-stm32.13.3.rel1.macos64_1.0.0.202411102158/tools/bin/../lib/gcc/arm-none-eabi/13.3.1/../../../../arm-none-eabi/lib/thumb/v7e-m+fp/hard/libstdc++_nano.a(del_op.o)
                              /Applications/STM32CubeIDE.app/Contents/Eclipse/plugins/com.st.stm32cube.ide.mcu.externaltools.gnu-tools-for-stm32.13.3.rel1.macos64_1.0.0.202411102158/tools/bin/../lib/gcc/arm-none-eabi/13.3.1/../../../../arm-none-eabi/lib/thumb/v7e-m+fp/hard/libstdc++_nano.a(del_ops.o) (operator delete(void*))
/Applications/STM32CubeIDE.app/Contents/Eclipse/plugins/com.st.stm32cube.ide.mcu.externaltools.gnu-tools-for-stm32.13.3.rel1.macos64_1.0.0.202411102158/tools/bin/../lib/gcc/arm-none-eabi/13.3.1/../../../../arm-none-eabi/lib/thumb/v7e-m+fp/hard/libm.a(libm_a-sf_cos.o)
                              ./Core/Src/OLED_Driver.o (cosf)
/Applications/STM32CubeIDE.app/Contents/Eclipse/plugins/com.st.stm32cube.ide.mcu.externaltools.gnu-tools-for-stm32.13.3.rel1.macos64_1.0.0.202411102158/tools/bin/../lib/gcc/arm-none-eabi/13.3.1/../../../../arm-none-eabi/lib/thumb/v7e-m+fp/hard/libm.a(libm_a-sf_sin.o)
                              ./Core/Src/OLED_Driver.o (sinf)
/Applications/STM32CubeIDE.app/Contents/Eclipse/plugins/com.st.stm32cube.ide.mcu.externaltools.gnu-tools-for-stm32.13.3.rel1.macos64_1.0.0.202411102158/tools/bin/../lib/gcc/arm-none-eabi/13.3.1/../../../../arm-none-eabi/lib/thumb/v7e-m+fp/hard/libm.a(libm_a-kf_cos.o)
                              /Applications/STM32CubeIDE.app/Contents/Eclipse/plugins/com.st.stm32cube.ide.mcu.externaltools.gnu-tools-for-stm32.13.3.rel1.macos64_1.0.0.202411102158/tools/bin/../lib/gcc/arm-none-eabi/13.3.1/../../../../arm-none-eabi/lib/thumb/v7e-m+fp/hard/libm.a(libm_a-sf_cos.o) (__kernel_cosf)
/Applications/STM32CubeIDE.app/Contents/Eclipse/plugins/com.st.stm32cube.ide.mcu.externaltools.gnu-tools-for-stm32.13.3.rel1.macos64_1.0.0.202411102158/tools/bin/../lib/gcc/arm-none-eabi/13.3.1/../../../../arm-none-eabi/lib/thumb/v7e-m+fp/hard/libm.a(libm_a-kf_sin.o)
                              /Applications/STM32CubeIDE.app/Contents/Eclipse/plugins/com.st.stm32cube.ide.mcu.externaltools.gnu-tools-for-stm32.13.3.rel1.macos64_1.0.0.202411102158/tools/bin/../lib/gcc/arm-none-eabi/13.3.1/../../../../arm-none-eabi/lib/thumb/v7e-m+fp/hard/libm.a(libm_a-sf_cos.o) (__kernel_sinf)
/Applications/STM32CubeIDE.app/Contents/Eclipse/plugins/com.st.stm32cube.ide.mcu.externaltools.gnu-tools-for-stm32.13.3.rel1.macos64_1.0.0.202411102158/tools/bin/../lib/gcc/arm-none-eabi/13.3.1/../../../../arm-none-eabi/lib/thumb/v7e-m+fp/hard/libm.a(libm_a-ef_rem_pio2.o)
                              /Applications/STM32CubeIDE.app/Contents/Eclipse/plugins/com.st.stm32cube.ide.mcu.externaltools.gnu-tools-for-stm32.13.3.rel1.macos64_1.0.0.202411102158/tools/bin/../lib/gcc/arm-none-eabi/13.3.1/../../../../arm-none-eabi/lib/thumb/v7e-m+fp/hard/libm.a(libm_a-sf_cos.o) (__ieee754_rem_pio2f)
/Applications/STM32CubeIDE.app/Contents/Eclipse/plugins/com.st.stm32cube.ide.mcu.externaltools.gnu-tools-for-stm32.13.3.rel1.macos64_1.0.0.202411102158/tools/bin/../lib/gcc/arm-none-eabi/13.3.1/../../../../arm-none-eabi/lib/thumb/v7e-m+fp/hard/libm.a(libm_a-sf_fabs.o)
                              /Applications/STM32CubeIDE.app/Contents/Eclipse/plugins/com.st.stm32cube.ide.mcu.externaltools.gnu-tools-for-stm32.13.3.rel1.macos64_1.0.0.202411102158/tools/bin/../lib/gcc/arm-none-eabi/13.3.1/../../../../arm-none-eabi/lib/thumb/v7e-m+fp/hard/libm.a(libm_a-ef_rem_pio2.o) (fabsf)
/Applications/STM32CubeIDE.app/Contents/Eclipse/plugins/com.st.stm32cube.ide.mcu.externaltools.gnu-tools-for-stm32.13.3.rel1.macos64_1.0.0.202411102158/tools/bin/../lib/gcc/arm-none-eabi/13.3.1/../../../../arm-none-eabi/lib/thumb/v7e-m+fp/hard/libm.a(libm_a-kf_rem_pio2.o)
                              /Applications/STM32CubeIDE.app/Contents/Eclipse/plugins/com.st.stm32cube.ide.mcu.externaltools.gnu-tools-for-stm32.13.3.rel1.macos64_1.0.0.202411102158/tools/bin/../lib/gcc/arm-none-eabi/13.3.1/../../../../arm-none-eabi/lib/thumb/v7e-m+fp/hard/libm.a(libm_a-ef_rem_pio2.o) (__kernel_rem_pio2f)
/Applications/STM32CubeIDE.app/Contents/Eclipse/plugins/com.st.stm32cube.ide.mcu.externaltools.gnu-tools-for-stm32.13.3.rel1.macos64_1.0.0.202411102158/tools/bin/../lib/gcc/arm-none-eabi/13.3.1/../../../../arm-none-eabi/lib/thumb/v7e-m+fp/hard/libm.a(libm_a-sf_floor.o)
[...]
Memory Configuration

Name             Origin             Length             Attributes
RAM              0x20000000         0x00020000         xrw
FLASH            0x08000000         0x00080000         xr
*default*        0x00000000         0xffffffff

Linker script and memory map

LOAD /Applications/STM32CubeIDE.app/Contents/Eclipse/plugins/com.st.stm32cube.ide.mcu.externaltools.gnu-tools-for-stm32.13.3.rel1.macos64_1.0.0.202411102158/tools/bin/../lib/gcc/arm-none-eabi/13.3.1/thumb/v7e-m+fp/hard/crti.o
LOAD /Applications/STM32CubeIDE.app/Contents/Eclipse/plugins/com.st.stm32cube.ide.mcu.externaltools.gnu-tools-for-stm32.13.3.rel1.macos64_1.0.0.202411102158/tools/bin/../lib/gcc/arm-none-eabi/13.3.1/thumb/v7e-m+fp/hard/crtbegin.o
LOAD /Applications/STM32CubeIDE.app/Contents/Eclipse/plugins/com.st.stm32cube.ide.mcu.externaltools.gnu-tools-for-stm32.13.3.rel1.macos64_1.0.0.202411102158/tools/bin/../lib/gcc/arm-none-eabi/13.3.1/../../../../arm-none-eabi/lib/thumb/v7e-m+fp/hard/crt0.o
LOAD ./Core/Src/GFX.o
LOAD ./Core/Src/OLED_Driver.o
LOAD ./Core/Src/encoder.o
LOAD ./Core/Src/i2c.o
LOAD ./Core/Src/main.o
LOAD ./Core/Src/pwm.o
LOAD ./Core/Src/stm32f4xx_hal_msp.o
LOAD ./Core/Src/stm32f4xx_it.o
LOAD ./Core/Src/syscalls.o
LOAD ./Core/Src/sysmem.o
LOAD ./Core/Src/system_stm32f4xx.o
LOAD ./Core/Src/timer.o
LOAD ./Core/Startup/startup_stm32f411ceux.o
LOAD ./Drivers/STM32F4xx_HAL_Driver/Src/stm32f4xx_hal.o
LOAD ./Drivers/STM32F4xx_HAL_Driver/Src/stm32f4xx_hal_cortex.o
LOAD ./Drivers/STM32F4xx_HAL_Driver/Src/stm32f4xx_hal_dma.o
LOAD ./Drivers/STM32F4xx_HAL_Driver/Src/stm32f4xx_hal_dma_ex.o
LOAD ./Drivers/STM32F4xx_HAL_Driver/Src/stm32f4xx_hal_exti.o
LOAD ./Drivers/STM32F4xx_HAL_Driver/Src/stm32f4xx_hal_flash.o
LOAD ./Drivers/STM32F4xx_HAL_Driver/Src/stm32f4xx_hal_flash_ex.o
LOAD ./Drivers/STM32F4xx_HAL_Driver/Src/stm32f4xx_hal_flash_ramfunc.o
LOAD ./Drivers/STM32F4xx_HAL_Driver/Src/stm32f4xx_hal_gpio.o
LOAD ./Drivers/STM32F4xx_HAL_Driver/Src/stm32f4xx_hal_i2c.o
LOAD ./Drivers/STM32F4xx_HAL_Driver/Src/stm32f4xx_hal_i2c_ex.o
LOAD ./Drivers/STM32F4xx_HAL_Driver/Src/stm32f4xx_hal_pwr.o
LOAD ./Drivers/STM32F4xx_HAL_Driver/Src/stm32f4xx_hal_pwr_ex.o
LOAD ./Drivers/STM32F4xx_HAL_Driver/Src/stm32f4xx_hal_rcc.o
LOAD ./Drivers/STM32F4xx_HAL_Driver/Src/stm32f4xx_hal_rcc_ex.o
LOAD ./Drivers/STM32F4xx_HAL_Driver/Src/stm32f4xx_hal_tim.o
LOAD ./Drivers/STM32F4xx_HAL_Driver/Src/stm32f4xx_hal_tim_ex.o
START GROUP
LOAD /Applications/STM32CubeIDE.app/Contents/Eclipse/plugins/com.st.stm32cube.ide.mcu.externaltools.gnu-tools-for-stm32.13.3.rel1.macos64_1.0.0.202411102158/tools/bin/../lib/gcc/arm-none-eabi/13.3.1/../../../../arm-none-eabi/lib/thumb/v7e-m+fp/hard/libstdc++_nano.a
LOAD /Applications/STM32CubeIDE.app/Contents/Eclipse/plugins/com.st.stm32cube.ide.mcu.externaltools.gnu-tools-for-stm32.13.3.rel1.macos64_1.0.0.202411102158/tools/bin/../lib/gcc/arm-none-eabi/13.3.1/../../../../arm-none-eabi/lib/thumb/v7e-m+fp/hard/libsupc++_nano.a
END GROUP
LOAD /Applications/STM32CubeIDE.app/Contents/Eclipse/plugins/com.st.stm32cube.ide.mcu.externaltools.gnu-tools-for-stm32.13.3.rel1.macos64_1.0.0.202411102158/tools/bin/../lib/gcc/arm-none-eabi/13.3.1/../../../../arm-none-eabi/lib/thumb/v7e-m+fp/hard/libstdc++_nano.a
LOAD /Applications/STM32CubeIDE.app/Contents/Eclipse/plugins/com.st.stm32cube.ide.mcu.externaltools.gnu-tools-for-stm32.13.3.rel1.macos64_1.0.0.202411102158/tools/bin/../lib/gcc/arm-none-eabi/13.3.1/../../../../arm-none-eabi/lib/thumb/v7e-m+fp/hard/libm.a
LOAD /Applications/STM32CubeIDE.app/Contents/Eclipse/plugins/com.st.stm32cube.ide.mcu.externaltools.gnu-tools-for-stm32.13.3.rel1.macos64_1.0.0.202411102158/tools/bin/../lib/gcc/arm-none-eabi/13.3.1/../../../../arm-none-eabi/lib/thumb/v7e-m+fp/hard/libc_nano.a
START GROUP
LOAD /Applications/STM32CubeIDE.app/Contents/Eclipse/plugins/com.st.stm32cube.ide.mcu.externaltools.gnu-tools-for-stm32.13.3.rel1.macos64_1.0.0.202411102158/tools/bin/../lib/gcc/arm-none-eabi/13.3.1/thumb/v7e-m+fp/hard/libgcc.a
LOAD /Applications/STM32CubeIDE.app/Contents/Eclipse/plugins/com.st.stm32cube.ide.mcu.externaltools.gnu-tools-for-stm32.13.3.rel1.macos64_1.0.0.202411102158/tools/bin/../lib/gcc/arm-none-eabi/13.3.1/../../../../arm-none-eabi/lib/thumb/v7e-m+fp/hard/libc_nano.a
END GROUP
START GROUP
LOAD /Applications/STM32CubeIDE.app/Contents/Eclipse/plugins/com.st.stm32cube.ide.mcu.externaltools.gnu-tools-for-stm32.13.3.rel1.macos64_1.0.0.202411102158/tools/bin/../lib/gcc/arm-none-eabi/13.3.1/thumb/v7e-m+fp/hard/libgcc.a
LOAD /Applications/STM32CubeIDE.app/Contents/Eclipse/plugins/com.st.stm32cube.ide.mcu.externaltools.gnu-tools-for-stm32.13.3.rel1.macos64_1.0.0.202411102158/tools/bin/../lib/gcc/arm-none-eabi/13.3.1/../../../../arm-none-eabi/lib/thumb/v7e-m+fp/hard/libc_nano.a
END GROUP
LOAD /Applications/STM32CubeIDE.app/Contents/Eclipse/plugins/com.st.stm32cube.ide.mcu.externaltools.gnu-tools-for-stm32.13.3.rel1.macos64_1.0.0.202411102158/tools/bin/../lib/gcc/arm-none-eabi/13.3.1/thumb/v7e-m+fp/hard/crtend.o
LOAD /Applications/STM32CubeIDE.app/Contents/Eclipse/plugins/com.st.stm32cube.ide.mcu.externaltools.gnu-tools-for-stm32.13.3.rel1.macos64_1.0.0.202411102158/tools/bin/../lib/gcc/arm-none-eabi/13.3.1/thumb/v7e-m+fp/hard/crtn.o
                0x20020000                        _estack = (ORIGIN (RAM) + LENGTH (RAM))
                0x00000200                        _Min_Heap_Size = 0x200
                0x00000400                        _Min_Stack_Size = 0x400

.isr_vector     0x08000000      0x198
                0x08000000                        . = ALIGN (0x4)
 *(.isr_vector)
 .isr_vector    0x08000000      0x198 ./Core/Startup/startup_stm32f411ceux.o
                0x08000000                g_pfnVectors
                0x08000198                        . = ALIGN (0x4)

.text           0x08000198     0x6440
                0x08000198                        . = ALIGN (0x4)
 *(.text)
 .text          0x08000198       0x40 /Applications/STM32CubeIDE.app/Contents/Eclipse/plugins/com.st.stm32cube.ide.mcu.externaltools.gnu-tools-for-stm32.13.3.rel1.macos64_1.0.0.202411102158/tools/bin/../lib/gcc/arm-none-eabi/13.3.1/thumb/v7e-m+fp/hard/crtbegin.o
 .text          0x080001d8       0x30 /Applications/STM32CubeIDE.app/Contents/Eclipse/plugins/com.st.stm32cube.ide.mcu.externaltools.gnu-tools-for-stm32.13.3.rel1.macos64_1.0.0.202411102158/tools/bin/../lib/gcc/arm-none-eabi/13.3.1/thumb/v7e-m+fp/hard/libgcc.a(_aeabi_uldivmod.o)
                0x080001d8                __aeabi_uldivmod
 .text          0x08000208      0x2f8 /Applications/STM32CubeIDE.app/Contents/Eclipse/plugins/com.st.stm32cube.ide.mcu.externaltools.gnu-tools-for-stm32.13.3.rel1.macos64_1.0.0.202411102158/tools/bin/../lib/gcc/arm-none-eabi/13.3.1/thumb/v7e-m+fp/hard/libgcc.a(_udivmoddi4.o)
                0x08000208                __udivmoddi4
 .text          0x08000500        0x4 /Applications/STM32CubeIDE.app/Contents/Eclipse/plugins/com.st.stm32cube.ide.mcu.externaltools.gnu-tools-for-stm32.13.3.rel1.macos64_1.0.0.202411102158/tools/bin/../lib/gcc/arm-none-eabi/13.3.1/thumb/v7e-m+fp/hard/libgcc.a(_dvmd_tls.o)
                0x08000500                __aeabi_ldiv0
                0x08000500                __aeabi_idiv0
 *(.text*)
 .text._ZN3GFXC2Ess
                0x08000504       0x34 ./Core/Src/GFX.o
                0x08000504                GFX::GFX(short, short)
                0x08000504                GFX::GFX(short, short)
 .text._ZN3GFX8drawLineEsssst
                0x08000538       0xfc ./Core/Src/GFX.o
                0x08000538                GFX::drawLine(short, short, short, short, unsigned short)
 .text._ZN3GFX8drawRectEsssst
                0x08000634       0xf0 ./Core/Src/GFX.o
                0x08000634                GFX::drawRect(short, short, short, short, unsigned short)
 .text._ZN3GFXD2Ev
                0x08000724       0x20 ./Core/Src/OLED_Driver.o
                0x08000724                GFX::~GFX()
                0x08000724                GFX::~GFX()
 .text._ZN3GFXD0Ev
                0x08000744       0x20 ./Core/Src/OLED_Driver.o
                0x08000744                GFX::~GFX()
 .text._ZN11OLED_DriverC2EP17I2C_HandleTypeDef
                0x08000764       0x48 ./Core/Src/OLED_Driver.o
                0x08000764                OLED_Driver::OLED_Driver(I2C_HandleTypeDef*)
                0x08000764                OLED_Driver::OLED_Driver(I2C_HandleTypeDef*)
 .text._ZN11OLED_Driver5beginEv
                0x080007ac       0xe4 ./Core/Src/OLED_Driver.o
                0x080007ac                OLED_Driver::begin()
 .text._ZN11OLED_Driver7displayEv
                0x08000890       0x50 ./Core/Src/OLED_Driver.o
                0x08000890                OLED_Driver::display()
 .text._ZN11OLED_Driver12clearDisplayEv
                0x080008e0       0x20 ./Core/Src/OLED_Driver.o
                0x080008e0                OLED_Driver::clearDisplay()
 .text._ZN11OLED_Driver9drawPixelEsst
                0x08000900       0xf4 ./Core/Src/OLED_Driver.o
                0x08000900                OLED_Driver::drawPixel(short, short, unsigned short)
 .text._ZN11OLED_Driver9drawServoEt
                0x080009f4      0x12c ./Core/Src/OLED_Driver.o
                0x080009f4                OLED_Driver::drawServo(unsigned short)
 .text._ZN11OLED_Driver11sendCommandEh
                0x08000b20       0x48 ./Core/Src/OLED_Driver.o
                0x08000b20                OLED_Driver::sendCommand(unsigned char)
 .text._ZN11OLED_Driver8sendDataEPht
                0x08000b68       0x54 ./Core/Src/OLED_Driver.o
                0x08000b68                OLED_Driver::sendData(unsigned char*, unsigned short)
 .text._ZN11OLED_DriverD2Ev
                0x08000bbc       0x24 ./Core/Src/OLED_Driver.o
                0x08000bbc                OLED_Driver::~OLED_Driver()
                0x08000bbc                OLED_Driver::~OLED_Driver()
 .text._ZN11OLED_DriverD0Ev
                0x08000be0       0x22 ./Core/Src/OLED_Driver.o
                0x08000be0                OLED_Driver::~OLED_Driver()
 *fill*         0x08000c02        0x2 
 .text.Encoder_Init
                0x08000c04       0x6c ./Core/Src/encoder.o
                0x08000c04                Encoder_Init
 .text._ZN7I2C_BusC2EP17I2C_HandleTypeDef
                0x08000c70       0x1e ./Core/Src/i2c.o
                0x08000c70                I2C_Bus::I2C_Bus(I2C_HandleTypeDef*)
                0x08000c70                I2C_Bus::I2C_Bus(I2C_HandleTypeDef*)
 *fill*         0x08000c8e        0x2 
 .text._ZN7I2C_Bus7i2cInitEv
                0x08000c90       0x84 ./Core/Src/i2c.o
                0x08000c90                I2C_Bus::i2cInit()
 .text._ZN7I2C_Bus5writeEhPht
                0x08000d14       0x40 ./Core/Src/i2c.o
                0x08000d14                I2C_Bus::write(unsigned char, unsigned char*, unsigned short)
 .text._ZN7I2C_Bus6isBusyEv
                0x08000d54       0x26 ./Core/Src/i2c.o
                0x08000d54                I2C_Bus::isBusy()
 .text._ZN7I2C_Bus13Error_HandlerEv
                0x08000d7a       0x10 ./Core/Src/i2c.o
                0x08000d7a                I2C_Bus::Error_Handler()
 *fill*         0x08000d8a        0x2 
 .text.main     0x08000d8c      0x134 ./Core/Src/main.o
                0x08000d8c                main
 .text._Z18SystemClock_Configv
                0x08000ec0       0xd0 ./Core/Src/main.o
                0x08000ec0                SystemClock_Config()
 .text._Z20HAL_DMA_CpltCallbackP19__DMA_HandleTypeDef
                0x08000f90       0x98 ./Core/Src/main.o
                0x08000f90                HAL_DMA_CpltCallback(__DMA_HandleTypeDef*)
 .text._Z13Error_Handlerv
                0x08001028        0xc ./Core/Src/main.o
                0x08001028                Error_Handler()
 .text._Z41__static_initialization_and_destruction_0v
                0x08001034       0x18 ./Core/Src/main.o
 .text._Z41__static_initialization_and_destruction_1v
                0x0800104c       0x14 ./Core/Src/main.o
 .text._GLOBAL__sub_I_buffer
                0x08001060        0xa ./Core/Src/main.o
 .text._GLOBAL__sub_D_buffer
                0x0800106a        0xa ./Core/Src/main.o
 .text.PWM_Init
                0x08001074       0x94 ./Core/Src/pwm.o
                0x08001074                PWM_Init
 .text.HAL_MspInit
                0x08001108       0x50 ./Core/Src/stm32f4xx_hal_msp.o
                0x08001108                HAL_MspInit
 .text.HAL_TIM_PWM_MspInit
                0x08001158       0x80 ./Core/Src/stm32f4xx_hal_msp.o
                0x08001158                HAL_TIM_PWM_MspInit
 .text.HAL_TIM_Encoder_MspInit
                0x080011d8       0x7c ./Core/Src/stm32f4xx_hal_msp.o
                0x080011d8                HAL_TIM_Encoder_MspInit
 .text.HAL_TIM_Base_MspInit
                0x08001254       0xd8 ./Core/Src/stm32f4xx_hal_msp.o
                0x08001254                HAL_TIM_Base_MspInit
 .text.HAL_I2C_MspInit
                0x0800132c      0x140 ./Core/Src/stm32f4xx_hal_msp.o
                0x0800132c                HAL_I2C_MspInit
 .text.DMA1_Stream2_IRQHandler
                0x0800146c       0x14 ./Core/Src/stm32f4xx_it.o
                0x0800146c                DMA1_Stream2_IRQHandler
 .text.DMA1_Stream1_IRQHandler
                0x08001480       0x14 ./Core/Src/stm32f4xx_it.o
                0x08001480                DMA1_Stream1_IRQHandler
 .text.I2C1_EV_IRQHandler
                0x08001494       0x14 ./Core/Src/stm32f4xx_it.o
                0x08001494                I2C1_EV_IRQHandler
 .text.I2C1_ER_IRQHandler
                0x080014a8       0x14 ./Core/Src/stm32f4xx_it.o
                0x080014a8                I2C1_ER_IRQHandler
 .text.NMI_Handler
                0x080014bc        0x8 ./Core/Src/stm32f4xx_it.o
                0x080014bc                NMI_Handler
 .text.HardFault_Handler
                0x080014c4        0x8 ./Core/Src/stm32f4xx_it.o
                0x080014c4                HardFault_Handler
 .text.MemManage_Handler
                0x080014cc        0x8 ./Core/Src/stm32f4xx_it.o
                0x080014cc                MemManage_Handler
 .text.BusFault_Handler
                0x080014d4        0x8 ./Core/Src/stm32f4xx_it.o
                0x080014d4                BusFault_Handler
 .text.UsageFault_Handler
                0x080014dc        0x8 ./Core/Src/stm32f4xx_it.o
                0x080014dc                UsageFault_Handler
 .text.SVC_Handler
                0x080014e4        0xe ./Core/Src/stm32f4xx_it.o
                0x080014e4                SVC_Handler
 .text.DebugMon_Handler
                0x080014f2        0xe ./Core/Src/stm32f4xx_it.o
                0x080014f2                DebugMon_Handler
 .text.PendSV_Handler
                0x08001500        0xe ./Core/Src/stm32f4xx_it.o
                0x08001500                PendSV_Handler
 .text.SysTick_Handler
                0x0800150e        0xc ./Core/Src/stm32f4xx_it.o
                0x0800150e                SysTick_Handler
 .text.TIM2_IRQHandler
                0x0800151a        0xe ./Core/Src/stm32f4xx_it.o
                0x0800151a                TIM2_IRQHandler
 .text.SystemInit
                0x08001528       0x24 ./Core/Src/system_stm32f4xx.o
                0x08001528                SystemInit
 .text.Error_Handler
                0x0800154c        0xc ./Core/Src/timer.o
                0x0800154c                Error_Handler
 .text.Timer_Init
                0x08001558       0x58 ./Core/Src/timer.o
                0x08001558                Timer_Init
 .text.Reset_Handler
                0x080015b0       0x50 ./Core/Startup/startup_stm32f411ceux.o
                0x080015b0                Reset_Handler
 .text.Default_Handler
                0x08001600        0x2 ./Core/Startup/startup_stm32f411ceux.o
                0x08001600                DMA1_Stream3_IRQHandler
                0x08001600                EXTI2_IRQHandler
                0x08001600                SPI4_IRQHandler
                0x08001600                TIM1_CC_IRQHandler
                0x08001600                DMA2_Stream5_IRQHandler
                0x08001600                DMA1_Stream5_IRQHandler
                0x08001600                PVD_IRQHandler
                0x08001600                SDIO_IRQHandler
                0x08001600                TAMP_STAMP_IRQHandler
                0x08001600                EXTI3_IRQHandler
                0x08001600                TIM1_UP_TIM10_IRQHandler
                0x08001600                I2C3_ER_IRQHandler
                0x08001600                EXTI0_IRQHandler
                0x08001600                I2C2_EV_IRQHandler
                0x08001600                FPU_IRQHandler
                0x08001600                DMA2_Stream2_IRQHandler
                0x08001600                SPI1_IRQHandler
                0x08001600                TIM1_BRK_TIM9_IRQHandler
                0x08001600                DMA2_Stream3_IRQHandler
                0x08001600                USART6_IRQHandler
                0x08001600                DMA2_Stream0_IRQHandler
                0x08001600                TIM4_IRQHandler
                0x08001600                DMA1_Stream6_IRQHandler
                0x08001600                TIM3_IRQHandler
                0x08001600                RCC_IRQHandler
                0x08001600                Default_Handler
                0x08001600                EXTI15_10_IRQHandler
                0x08001600                ADC_IRQHandler
                0x08001600                DMA1_Stream7_IRQHandler
                0x08001600                SPI5_IRQHandler
                0x08001600                TIM5_IRQHandler
                0x08001600                DMA2_Stream7_IRQHandler
                0x08001600                I2C3_EV_IRQHandler
                0x08001600                EXTI9_5_IRQHandler
                0x08001600                RTC_WKUP_IRQHandler
                0x08001600                SPI2_IRQHandler
                0x08001600                DMA1_Stream0_IRQHandler
                0x08001600                EXTI4_IRQHandler
                0x08001600                WWDG_IRQHandler
                0x08001600                OTG_FS_WKUP_IRQHandler
                0x08001600                TIM1_TRG_COM_TIM11_IRQHandler
                0x08001600                EXTI1_IRQHandler
                0x08001600                USART2_IRQHandler
                0x08001600                I2C2_ER_IRQHandler
                0x08001600                DMA2_Stream1_IRQHandler
                0x08001600                FLASH_IRQHandler
                0x08001600                DMA2_Stream4_IRQHandler
                0x08001600                USART1_IRQHandler
                0x08001600                OTG_FS_IRQHandler
                0x08001600                SPI3_IRQHandler
                0x08001600                DMA1_Stream4_IRQHandler
                0x08001600                DMA2_Stream6_IRQHandler
                0x08001600                RTC_Alarm_IRQHandler
 *fill*         0x08001602        0x2 
 .text.HAL_Init
                0x08001604       0x44 ./Drivers/STM32F4xx_HAL_Driver/Src/stm32f4xx_hal.o
                0x08001604                HAL_Init
 .text.HAL_InitTick
                0x08001648       0x60 ./Drivers/STM32F4xx_HAL_Driver/Src/stm32f4xx_hal.o
                0x08001648                HAL_InitTick
 .text.HAL_IncTick
                0x080016a8       0x28 ./Drivers/STM32F4xx_HAL_Driver/Src/stm32f4xx_hal.o
                0x080016a8                HAL_IncTick
 .text.HAL_GetTick
                0x080016d0       0x18 ./Drivers/STM32F4xx_HAL_Driver/Src/stm32f4xx_hal.o
                0x080016d0                HAL_GetTick
 .text.__NVIC_SetPriorityGrouping
                0x080016e8       0x48 ./Drivers/STM32F4xx_HAL_Driver/Src/stm32f4xx_hal_cortex.o
 .text.__NVIC_GetPriorityGrouping
                0x08001730       0x1c ./Drivers/STM32F4xx_HAL_Driver/Src/stm32f4xx_hal_cortex.o
 .text.__NVIC_EnableIRQ
                0x0800174c       0x3c ./Drivers/STM32F4xx_HAL_Driver/Src/stm32f4xx_hal_cortex.o
 .text.__NVIC_SetPriority
                0x08001788       0x54 ./Drivers/STM32F4xx_HAL_Driver/Src/stm32f4xx_hal_cortex.o
 .text.NVIC_EncodePriority
                0x080017dc       0x66 ./Drivers/STM32F4xx_HAL_Driver/Src/stm32f4xx_hal_cortex.o
 *fill*         0x08001842        0x2 
 .text.SysTick_Config
                0x08001844       0x44 ./Drivers/STM32F4xx_HAL_Driver/Src/stm32f4xx_hal_cortex.o
 .text.HAL_NVIC_SetPriorityGrouping
                0x08001888       0x16 ./Drivers/STM32F4xx_HAL_Driver/Src/stm32f4xx_hal_cortex.o
                0x08001888                HAL_NVIC_SetPriorityGrouping
 .text.HAL_NVIC_SetPriority
                0x0800189e       0x38 ./Drivers/STM32F4xx_HAL_Driver/Src/stm32f4xx_hal_cortex.o
                0x0800189e                HAL_NVIC_SetPriority
 .text.HAL_NVIC_EnableIRQ
                0x080018d6       0x1c ./Drivers/STM32F4xx_HAL_Driver/Src/stm32f4xx_hal_cortex.o
                0x080018d6                HAL_NVIC_EnableIRQ
 .text.HAL_SYSTICK_Config
                0x080018f2       0x18 ./Drivers/STM32F4xx_HAL_Driver/Src/stm32f4xx_hal_cortex.o
                0x080018f2                HAL_SYSTICK_Config
 *fill*         0x0800190a        0x2 
 .text.HAL_DMA_Init
                0x0800190c      0x15c ./Drivers/STM32F4xx_HAL_Driver/Src/stm32f4xx_hal_dma.o
                0x0800190c                HAL_DMA_Init
 .text.HAL_DMA_Start_IT
                0x08001a68       0xb0 ./Drivers/STM32F4xx_HAL_Driver/Src/stm32f4xx_hal_dma.o
                0x08001a68                HAL_DMA_Start_IT
 .text.HAL_DMA_Abort_IT
                0x08001b18       0x44 ./Drivers/STM32F4xx_HAL_Driver/Src/stm32f4xx_hal_dma.o
                0x08001b18                HAL_DMA_Abort_IT
 .text.HAL_DMA_IRQHandler
                0x08001b5c      0x314 ./Drivers/STM32F4xx_HAL_Driver/Src/stm32f4xx_hal_dma.o
                0x08001b5c                HAL_DMA_IRQHandler
 .text.HAL_DMA_RegisterCallback
                0x08001e70       0xa8 ./Drivers/STM32F4xx_HAL_Driver/Src/stm32f4xx_hal_dma.o
                0x08001e70                HAL_DMA_RegisterCallback
 .text.HAL_DMA_GetState
                0x08001f18       0x1c ./Drivers/STM32F4xx_HAL_Driver/Src/stm32f4xx_hal_dma.o
                0x08001f18                HAL_DMA_GetState
 .text.HAL_DMA_GetError
                0x08001f34       0x18 ./Drivers/STM32F4xx_HAL_Driver/Src/stm32f4xx_hal_dma.o
                0x08001f34                HAL_DMA_GetError
 .text.DMA_SetConfig
                0x08001f4c       0x5c ./Drivers/STM32F4xx_HAL_Driver/Src/stm32f4xx_hal_dma.o
 .text.DMA_CalcBaseAndBitshift
                0x08001fa8       0x6c ./Drivers/STM32F4xx_HAL_Driver/Src/stm32f4xx_hal_dma.o
 .text.DMA_CheckFifoParam
                0x08002014       0xf8 ./Drivers/STM32F4xx_HAL_Driver/Src/stm32f4xx_hal_dma.o
 .text.HAL_GPIO_Init
                0x0800210c      0x308 ./Drivers/STM32F4xx_HAL_Driver/Src/stm32f4xx_hal_gpio.o
                0x0800210c                HAL_GPIO_Init
 .text.HAL_I2C_Init
                0x08002414      0x288 ./Drivers/STM32F4xx_HAL_Driver/Src/stm32f4xx_hal_i2c.o
                0x08002414                HAL_I2C_Init
 .text.I2C_Flush_DR
                0x0800269c       0x2a ./Drivers/STM32F4xx_HAL_Driver/Src/stm32f4xx_hal_i2c.o
 *fill*         0x080026c6        0x2 
 .text.HAL_I2C_Master_Transmit_DMA
                0x080026c8      0x258 ./Drivers/STM32F4xx_HAL_Driver/Src/stm32f4xx_hal_i2c.o
                0x080026c8                HAL_I2C_Master_Transmit_DMA
 .text.HAL_I2C_EV_IRQHandler
                0x08002920      0x2e2 ./Drivers/STM32F4xx_HAL_Driver/Src/stm32f4xx_hal_i2c.o
                0x08002920                HAL_I2C_EV_IRQHandler
 .text.HAL_I2C_ER_IRQHandler
                0x08002c02      0x14e ./Drivers/STM32F4xx_HAL_Driver/Src/stm32f4xx_hal_i2c.o
                0x08002c02                HAL_I2C_ER_IRQHandler
 .text.HAL_I2C_MasterTxCpltCallback
                0x08002d50       0x14 ./Drivers/STM32F4xx_HAL_Driver/Src/stm32f4xx_hal_i2c.o
                0x08002d50                HAL_I2C_MasterTxCpltCallback
 .text.HAL_I2C_MasterRxCpltCallback
                0x08002d64       0x14 ./Drivers/STM32F4xx_HAL_Driver/Src/stm32f4xx_hal_i2c.o
                0x08002d64                HAL_I2C_MasterRxCpltCallback
 .text.HAL_I2C_SlaveTxCpltCallback
                0x08002d78       0x14 ./Drivers/STM32F4xx_HAL_Driver/Src/stm32f4xx_hal_i2c.o
                0x08002d78                HAL_I2C_SlaveTxCpltCallback
 .text.HAL_I2C_SlaveRxCpltCallback
                0x08002d8c       0x14 ./Drivers/STM32F4xx_HAL_Driver/Src/stm32f4xx_hal_i2c.o
                0x08002d8c                HAL_I2C_SlaveRxCpltCallback
 .text.HAL_I2C_AddrCallback
                0x08002da0       0x1c ./Drivers/STM32F4xx_HAL_Driver/Src/stm32f4xx_hal_i2c.o
                0x08002da0                HAL_I2C_AddrCallback
 .text.HAL_I2C_ListenCpltCallback
                0x08002dbc       0x14 ./Drivers/STM32F4xx_HAL_Driver/Src/stm32f4xx_hal_i2c.o
                0x08002dbc                HAL_I2C_ListenCpltCallback
 .text.HAL_I2C_MemTxCpltCallback
                0x08002dd0       0x14 ./Drivers/STM32F4xx_HAL_Driver/Src/stm32f4xx_hal_i2c.o
                0x08002dd0                HAL_I2C_MemTxCpltCallback
 .text.HAL_I2C_MemRxCpltCallback
                0x08002de4       0x14 ./Drivers/STM32F4xx_HAL_Driver/Src/stm32f4xx_hal_i2c.o
                0x08002de4                HAL_I2C_MemRxCpltCallback
 .text.HAL_I2C_ErrorCallback
                0x08002df8       0x14 ./Drivers/STM32F4xx_HAL_Driver/Src/stm32f4xx_hal_i2c.o
                0x08002df8                HAL_I2C_ErrorCallback
 .text.HAL_I2C_AbortCpltCallback
                0x08002e0c       0x14 ./Drivers/STM32F4xx_HAL_Driver/Src/stm32f4xx_hal_i2c.o
                0x08002e0c                HAL_I2C_AbortCpltCallback
 .text.HAL_I2C_GetState
                0x08002e20       0x1c ./Drivers/STM32F4xx_HAL_Driver/Src/stm32f4xx_hal_i2c.o
                0x08002e20                HAL_I2C_GetState
 .text.I2C_MasterTransmit_TXE
                0x08002e3c      0x138 ./Drivers/STM32F4xx_HAL_Driver/Src/stm32f4xx_hal_i2c.o
 .text.I2C_MasterTransmit_BTF
                0x08002f74       0xec ./Drivers/STM32F4xx_HAL_Driver/Src/stm32f4xx_hal_i2c.o
 .text.I2C_MemoryTransmit_TXE_BTF
                0x08003060      0x130 ./Drivers/STM32F4xx_HAL_Driver/Src/stm32f4xx_hal_i2c.o
 .text.I2C_MasterReceive_RXNE
                0x08003190      0x190 ./Drivers/STM32F4xx_HAL_Driver/Src/stm32f4xx_hal_i2c.o
 .text.I2C_MasterReceive_BTF
                0x08003320      0x1e2 ./Drivers/STM32F4xx_HAL_Driver/Src/stm32f4xx_hal_i2c.o
 .text.I2C_Master_SB
                0x08003502      0x10c ./Drivers/STM32F4xx_HAL_Driver/Src/stm32f4xx_hal_i2c.o
 .text.I2C_Master_ADD10
                0x0800360e       0x54 ./Drivers/STM32F4xx_HAL_Driver/Src/stm32f4xx_hal_i2c.o
 .text.I2C_Master_ADDR
                0x08003662      0x322 ./Drivers/STM32F4xx_HAL_Driver/Src/stm32f4xx_hal_i2c.o
 .text.I2C_SlaveTransmit_TXE
                0x08003984       0x7a ./Drivers/STM32F4xx_HAL_Driver/Src/stm32f4xx_hal_i2c.o
 .text.I2C_SlaveTransmit_BTF
                0x080039fe       0x42 ./Drivers/STM32F4xx_HAL_Driver/Src/stm32f4xx_hal_i2c.o
 .text.I2C_SlaveReceive_RXNE
                0x08003a40       0x7c ./Drivers/STM32F4xx_HAL_Driver/Src/stm32f4xx_hal_i2c.o
 .text.I2C_SlaveReceive_BTF
                0x08003abc       0x44 ./Drivers/STM32F4xx_HAL_Driver/Src/stm32f4xx_hal_i2c.o
 .text.I2C_Slave_ADDR
                0x08003b00       0x94 ./Drivers/STM32F4xx_HAL_Driver/Src/stm32f4xx_hal_i2c.o
 .text.I2C_Slave_STOPF
                0x08003b94      0x260 ./Drivers/STM32F4xx_HAL_Driver/Src/stm32f4xx_hal_i2c.o
 .text.I2C_Slave_AF
                0x08003df4       0xe8 ./Drivers/STM32F4xx_HAL_Driver/Src/stm32f4xx_hal_i2c.o
 .text.I2C_ITError
                0x08003edc      0x264 ./Drivers/STM32F4xx_HAL_Driver/Src/stm32f4xx_hal_i2c.o
 .text.I2C_DMAXferCplt
                0x08004140      0x1be ./Drivers/STM32F4xx_HAL_Driver/Src/stm32f4xx_hal_i2c.o
 .text.I2C_DMAError
                0x080042fe       0x7a ./Drivers/STM32F4xx_HAL_Driver/Src/stm32f4xx_hal_i2c.o
 .text.I2C_DMAAbort
                0x08004378      0x150 ./Drivers/STM32F4xx_HAL_Driver/Src/stm32f4xx_hal_i2c.o
 .text.I2C_WaitOnSTOPRequestThroughIT
                0x080044c8       0x64 ./Drivers/STM32F4xx_HAL_Driver/Src/stm32f4xx_hal_i2c.o
 .text.I2C_ConvertOtherXferOptions
                0x0800452c       0x36 ./Drivers/STM32F4xx_HAL_Driver/Src/stm32f4xx_hal_i2c.o
 *fill*         0x08004562        0x2 
 .text.HAL_RCC_OscConfig
                0x08004564      0x4f0 ./Drivers/STM32F4xx_HAL_Driver/Src/stm32f4xx_hal_rcc.o
                0x08004564                HAL_RCC_OscConfig
 .text.HAL_RCC_ClockConfig
                0x08004a54      0x1cc ./Drivers/STM32F4xx_HAL_Driver/Src/stm32f4xx_hal_rcc.o
                0x08004a54                HAL_RCC_ClockConfig
 .text.HAL_RCC_GetSysClockFreq
                0x08004c20      0x18c ./Drivers/STM32F4xx_HAL_Driver/Src/stm32f4xx_hal_rcc.o
                0x08004c20                HAL_RCC_GetSysClockFreq
 .text.HAL_RCC_GetHCLKFreq
                0x08004dac       0x18 ./Drivers/STM32F4xx_HAL_Driver/Src/stm32f4xx_hal_rcc.o
                0x08004dac                HAL_RCC_GetHCLKFreq
 .text.HAL_RCC_GetPCLK1Freq
                0x08004dc4       0x28 ./Drivers/STM32F4xx_HAL_Driver/Src/stm32f4xx_hal_rcc.o
                0x08004dc4                HAL_RCC_GetPCLK1Freq
 .text.HAL_TIM_Base_Init
                0x08004dec       0x9e ./Drivers/STM32F4xx_HAL_Driver/Src/stm32f4xx_hal_tim.o
                0x08004dec                HAL_TIM_Base_Init
 *fill*         0x08004e8a        0x2 
 .text.HAL_TIM_Base_Start
                0x08004e8c       0xb4 ./Drivers/STM32F4xx_HAL_Driver/Src/stm32f4xx_hal_tim.o
                0x08004e8c                HAL_TIM_Base_Start
 .text.HAL_TIM_PWM_Init
                0x08004f40       0x9e ./Drivers/STM32F4xx_HAL_Driver/Src/stm32f4xx_hal_tim.o
                0x08004f40                HAL_TIM_PWM_Init
 *fill*         0x08004fde        0x2 
 .text.HAL_TIM_PWM_Start
                0x08004fe0      0x160 ./Drivers/STM32F4xx_HAL_Driver/Src/stm32f4xx_hal_tim.o
                0x08004fe0                HAL_TIM_PWM_Start
 .text.HAL_TIM_Encoder_Init
                0x08005140      0x14c ./Drivers/STM32F4xx_HAL_Driver/Src/stm32f4xx_hal_tim.o
                0x08005140                HAL_TIM_Encoder_Init
 .text.HAL_TIM_Encoder_Start
                0x0800528c      0x11c ./Drivers/STM32F4xx_HAL_Driver/Src/stm32f4xx_hal_tim.o
                0x0800528c                HAL_TIM_Encoder_Start
 .text.HAL_TIM_PWM_ConfigChannel
                0x080053a8      0x184 ./Drivers/STM32F4xx_HAL_Driver/Src/stm32f4xx_hal_tim.o
                0x080053a8                HAL_TIM_PWM_ConfigChannel
 .text.TIM_Base_SetConfig
                0x0800552c      0x10c ./Drivers/STM32F4xx_HAL_Driver/Src/stm32f4xx_hal_tim.o
                0x0800552c                TIM_Base_SetConfig
 .text.TIM_OC1_SetConfig
                0x08005638       0xcc ./Drivers/STM32F4xx_HAL_Driver/Src/stm32f4xx_hal_tim.o
 .text.TIM_OC2_SetConfig
                0x08005704       0xd8 ./Drivers/STM32F4xx_HAL_Driver/Src/stm32f4xx_hal_tim.o
                0x08005704                TIM_OC2_SetConfig
 .text.TIM_OC3_SetConfig
                0x080057dc       0xd4 ./Drivers/STM32F4xx_HAL_Driver/Src/stm32f4xx_hal_tim.o
 .text.TIM_OC4_SetConfig
                0x080058b0       0xa0 ./Drivers/STM32F4xx_HAL_Driver/Src/stm32f4xx_hal_tim.o
 .text.TIM_CCxChannelCmd
                0x08005950       0x4a ./Drivers/STM32F4xx_HAL_Driver/Src/stm32f4xx_hal_tim.o
                0x08005950                TIM_CCxChannelCmd
 .text._ZdlPvj  0x0800599a        0x4 /Applications/STM32CubeIDE.app/Contents/Eclipse/plugins/com.st.stm32cube.ide.mcu.externaltools.gnu-tools-for-stm32.13.3.rel1.macos64_1.0.0.202411102158/tools/bin/../lib/gcc/arm-none-eabi/13.3.1/../../../../arm-none-eabi/lib/thumb/v7e-m+fp/hard/libstdc++_nano.a(del_ops.o)
                0x0800599a                operator delete(void*, unsigned int)
 .text._ZdlPv   0x0800599e        0x4 /Applications/STM32CubeIDE.app/Contents/Eclipse/plugins/com.st.stm32cube.ide.mcu.externaltools.gnu-tools-for-stm32.13.3.rel1.macos64_1.0.0.202411102158/tools/bin/../lib/gcc/arm-none-eabi/13.3.1/../../../../arm-none-eabi/lib/thumb/v7e-m+fp/hard/libstdc++_nano.a(del_op.o)
                0x0800599e                operator delete(void*)
 *fill*         0x080059a2        0x2 
 .text.cosf     0x080059a4       0x88 /Applications/STM32CubeIDE.app/Contents/Eclipse/plugins/com.st.stm32cube.ide.mcu.externaltools.gnu-tools-for-stm32.13.3.rel1.macos64_1.0.0.202411102158/tools/bin/../lib/gcc/arm-none-eabi/13.3.1/../../../../arm-none-eabi/lib/thumb/v7e-m+fp/hard/libm.a(libm_a-sf_cos.o)
                0x080059a4                cosf
 .text.sinf     0x08005a2c       0x8c /Applications/STM32CubeIDE.app/Contents/Eclipse/plugins/com.st.stm32cube.ide.mcu.externaltools.gnu-tools-for-stm32.13.3.rel1.macos64_1.0.0.202411102158/tools/bin/../lib/gcc/arm-none-eabi/13.3.1/../../../../arm-none-eabi/lib/thumb/v7e-m+fp/hard/libm.a(libm_a-sf_sin.o)
                0x08005a2c                sinf
 .text.__kernel_cosf
                0x08005ab8       0xb0 /Applications/STM32CubeIDE.app/Contents/Eclipse/plugins/com.st.stm32cube.ide.mcu.externaltools.gnu-tools-for-stm32.13.3.rel1.macos64_1.0.0.202411102158/tools/bin/../lib/gcc/arm-none-eabi/13.3.1/../../../../arm-none-eabi/lib/thumb/v7e-m+fp/hard/libm.a(libm_a-kf_cos.o)
                0x08005ab8                __kernel_cosf
 .text.__kernel_sinf
                0x08005b68       0x90 /Applications/STM32CubeIDE.app/Contents/Eclipse/plugins/com.st.stm32cube.ide.mcu.externaltools.gnu-tools-for-stm32.13.3.rel1.macos64_1.0.0.202411102158/tools/bin/../lib/gcc/arm-none-eabi/13.3.1/../../../../arm-none-eabi/lib/thumb/v7e-m+fp/hard/libm.a(libm_a-kf_sin.o)
                0x08005b68                __kernel_sinf
 .text.__ieee754_rem_pio2f
                0x08005bf8      0x260 /Applications/STM32CubeIDE.app/Contents/Eclipse/plugins/com.st.stm32cube.ide.mcu.externaltools.gnu-tools-for-stm32.13.3.rel1.macos64_1.0.0.202411102158/tools/bin/../lib/gcc/arm-none-eabi/13.3.1/../../../../arm-none-eabi/lib/thumb/v7e-m+fp/hard/libm.a(libm_a-ef_rem_pio2.o)
                0x08005bf8                __ieee754_rem_pio2f
 .text.fabsf    0x08005e58        0xe /Applications/STM32CubeIDE.app/Contents/Eclipse/plugins/com.st.stm32cube.ide.mcu.externaltools.gnu-tools-for-stm32.13.3.rel1.macos64_1.0.0.202411102158/tools/bin/../lib/gcc/arm-none-eabi/13.3.1/../../../../arm-none-eabi/lib/thumb/v7e-m+fp/hard/libm.a(libm_a-sf_fabs.o)
                0x08005e58                fabsf
 *fill*         0x08005e66        0x2 
 .text.__kernel_rem_pio2f
                0x08005e68      0x4d0 /Applications/STM32CubeIDE.app/Contents/Eclipse/plugins/com.st.stm32cube.ide.mcu.externaltools.gnu-tools-for-stm32.13.3.rel1.macos64_1.0.0.202411102158/tools/bin/../lib/gcc/arm-none-eabi/13.3.1/../../../../arm-none-eabi/lib/thumb/v7e-m+fp/hard/libm.a(libm_a-kf_rem_pio2.o)
                0x08005e68                __kernel_rem_pio2f
 .text.floorf   0x08006338       0x88 /Applications/STM32CubeIDE.app/Contents/Eclipse/plugins/com.st.stm32cube.ide.mcu.externaltools.gnu-tools-for-stm32.13.3.rel1.macos64_1.0.0.202411102158/tools/bin/../lib/gcc/arm-none-eabi/13.3.1/../../../../arm-none-eabi/lib/thumb/v7e-m+fp/hard/libm.a(libm_a-sf_floor.o)
                0x08006338                floorf
 .text.scalbnf  0x080063c0       0xcc /Applications/STM32CubeIDE.app/Contents/Eclipse/plugins/com.st.stm32cube.ide.mcu.externaltools.gnu-tools-for-stm32.13.3.rel1.macos64_1.0.0.202411102158/tools/bin/../lib/gcc/arm-none-eabi/13.3.1/../../../../arm-none-eabi/lib/thumb/v7e-m+fp/hard/libm.a(libm_a-sf_scalbn.o)
                0x080063c0                scalbnf
 .text.free     0x0800648c       0x10 /Applications/STM32CubeIDE.app/Contents/Eclipse/plugins/com.st.stm32cube.ide.mcu.externaltools.gnu-tools-for-stm32.13.3.rel1.macos64_1.0.0.202411102158/tools/bin/../lib/gcc/arm-none-eabi/13.3.1/../../../../arm-none-eabi/lib/thumb/v7e-m+fp/hard/libc_nano.a(libc_a-malloc.o)
                0x0800648c                free
 .text.__malloc_lock
                0x0800649c        0xc /Applications/STM32CubeIDE.app/Contents/Eclipse/plugins/com.st.stm32cube.ide.mcu.externaltools.gnu-tools-for-stm32.13.3.rel1.macos64_1.0.0.202411102158/tools/bin/../lib/gcc/arm-none-eabi/13.3.1/../../../../arm-none-eabi/lib/thumb/v7e-m+fp/hard/libc_nano.a(libc_a-mlock.o)
                0x0800649c                __malloc_lock
 .text.__malloc_unlock
                0x080064a8        0xc /Applications/STM32CubeIDE.app/Contents/Eclipse/plugins/com.st.stm32cube.ide.mcu.externaltools.gnu-tools-for-stm32.13.3.rel1.macos64_1.0.0.202411102158/tools/bin/../lib/gcc/arm-none-eabi/13.3.1/../../../../arm-none-eabi/lib/thumb/v7e-m+fp/hard/libc_nano.a(libc_a-mlock.o)
                0x080064a8                __malloc_unlock
 .text.memset   0x080064b4       0x10 /Applications/STM32CubeIDE.app/Contents/Eclipse/plugins/com.st.stm32cube.ide.mcu.externaltools.gnu-tools-for-stm32.13.3.rel1.macos64_1.0.0.202411102158/tools/bin/../lib/gcc/arm-none-eabi/13.3.1/../../../../arm-none-eabi/lib/thumb/v7e-m+fp/hard/libc_nano.a(libc_a-memset.o)
                0x080064b4                memset
 .text.__libc_init_array
                0x080064c4       0x48 /Applications/STM32CubeIDE.app/Contents/Eclipse/plugins/com.st.stm32cube.ide.mcu.externaltools.gnu-tools-for-stm32.13.3.rel1.macos64_1.0.0.202411102158/tools/bin/../lib/gcc/arm-none-eabi/13.3.1/../../../../arm-none-eabi/lib/thumb/v7e-m+fp/hard/libc_nano.a(libc_a-init.o)
                0x080064c4                __libc_init_array
 .text.__retarget_lock_acquire_recursive
                0x0800650c        0x2 /Applications/STM32CubeIDE.app/Contents/Eclipse/plugins/com.st.stm32cube.ide.mcu.externaltools.gnu-tools-for-stm32.13.3.rel1.macos64_1.0.0.202411102158/tools/bin/../lib/gcc/arm-none-eabi/13.3.1/../../../../arm-none-eabi/lib/thumb/v7e-m+fp/hard/libc_nano.a(libc_a-lock.o)
                0x0800650c                __retarget_lock_acquire_recursive
 .text.__retarget_lock_release_recursive
                0x0800650e        0x2 /Applications/STM32CubeIDE.app/Contents/Eclipse/plugins/com.st.stm32cube.ide.mcu.externaltools.gnu-tools-for-stm32.13.3.rel1.macos64_1.0.0.202411102158/tools/bin/../lib/gcc/arm-none-eabi/13.3.1/../../../../arm-none-eabi/lib/thumb/v7e-m+fp/hard/libc_nano.a(libc_a-lock.o)
                0x0800650e                __retarget_lock_release_recursive
 .text.memcpy   0x08006510       0x1c /Applications/STM32CubeIDE.app/Contents/Eclipse/plugins/com.st.stm32cube.ide.mcu.externaltools.gnu-tools-for-stm32.13.3.rel1.macos64_1.0.0.202411102158/tools/bin/../lib/gcc/arm-none-eabi/13.3.1/../../../../arm-none-eabi/lib/thumb/v7e-m+fp/hard/libc_nano.a(libc_a-memcpy-stub.o)
                0x08006510                memcpy
 .text._free_r  0x0800652c       0x94 /Applications/STM32CubeIDE.app/Contents/Eclipse/plugins/com.st.stm32cube.ide.mcu.externaltools.gnu-tools-for-stm32.13.3.rel1.macos64_1.0.0.202411102158/tools/bin/../lib/gcc/arm-none-eabi/13.3.1/../../../../arm-none-eabi/lib/thumb/v7e-m+fp/hard/libc_nano.a(libc_a-freer.o)
                0x0800652c                _free_r
 *(.glue_7)
 .glue_7        0x080065c0        0x0 linker stubs
 *(.glue_7t)
 .glue_7t       0x080065c0        0x0 linker stubs
 *(.eh_frame)
 .eh_frame      0x080065c0        0x0 /Applications/STM32CubeIDE.app/Contents/Eclipse/plugins/com.st.stm32cube.ide.mcu.externaltools.gnu-tools-for-stm32.13.3.rel1.macos64_1.0.0.202411102158/tools/bin/../lib/gcc/arm-none-eabi/13.3.1/thumb/v7e-m+fp/hard/crtbegin.o
 *(.init)
 .init          0x080065c0        0x4 /Applications/STM32CubeIDE.app/Contents/Eclipse/plugins/com.st.stm32cube.ide.mcu.externaltools.gnu-tools-for-stm32.13.3.rel1.macos64_1.0.0.202411102158/tools/bin/../lib/gcc/arm-none-eabi/13.3.1/thumb/v7e-m+fp/hard/crti.o
                0x080065c0                _init
 .init          0x080065c4        0x8 /Applications/STM32CubeIDE.app/Contents/Eclipse/plugins/com.st.stm32cube.ide.mcu.externaltools.gnu-tools-for-stm32.13.3.rel1.macos64_1.0.0.202411102158/tools/bin/../lib/gcc/arm-none-eabi/13.3.1/thumb/v7e-m+fp/hard/crtn.o
 *(.fini)
 .fini          0x080065cc        0x4 /Applications/STM32CubeIDE.app/Contents/Eclipse/plugins/com.st.stm32cube.ide.mcu.externaltools.gnu-tools-for-stm32.13.3.rel1.macos64_1.0.0.202411102158/tools/bin/../lib/gcc/arm-none-eabi/13.3.1/thumb/v7e-m+fp/hard/crti.o
                0x080065cc                _fini
 .fini          0x080065d0        0x8 /Applications/STM32CubeIDE.app/Contents/Eclipse/plugins/com.st.stm32cube.ide.mcu.externaltools.gnu-tools-for-stm32.13.3.rel1.macos64_1.0.0.202411102158/tools/bin/../lib/gcc/arm-none-eabi/13.3.1/thumb/v7e-m+fp/hard/crtn.o
                0x080065d8                        . = ALIGN (0x4)
                0x080065d8                        _etext = .

.vfp11_veneer   0x080065d8        0x0
 .vfp11_veneer  0x080065d8        0x0 linker stubs

.v4_bx          0x080065d8        0x0
 .v4_bx         0x080065d8        0x0 linker stubs

.iplt           0x080065d8        0x0
 .iplt          0x080065d8        0x0 /Applications/STM32CubeIDE.app/Contents/Eclipse/plugins/com.st.stm32cube.ide.mcu.externaltools.gnu-tools-for-stm32.13.3.rel1.macos64_1.0.0.202411102158/tools/bin/../lib/gcc/arm-none-eabi/13.3.1/thumb/v7e-m+fp/hard/crtbegin.o

.rodata         0x080065d8      0x478
                0x080065d8                        . = ALIGN (0x4)
 *(.rodata)
 .rodata        0x080065d8       0x24 ./Core/Src/encoder.o
 .rodata        0x080065fc       0x3c ./Core/Src/stm32f4xx_hal_msp.o
 *(.rodata*)
 .rodata._ZTV3GFX
                0x08006638       0x14 ./Core/Src/GFX.o
                0x08006638                vtable for GFX
 .rodata._ZTV11OLED_Driver
                0x0800664c       0x14 ./Core/Src/OLED_Driver.o
                0x0800664c                vtable for OLED_Driver
 .rodata.AHBPrescTable
                0x08006660       0x10 ./Core/Src/system_stm32f4xx.o
                0x08006660                AHBPrescTable
 .rodata.APBPrescTable
                0x08006670        0x8 ./Core/Src/system_stm32f4xx.o
                0x08006670                APBPrescTable
 .rodata.flagBitshiftOffset.0
                0x08006678        0x8 ./Drivers/STM32F4xx_HAL_Driver/Src/stm32f4xx_hal_dma.o
 .rodata.npio2_hw
                0x08006680       0x80 /Applications/STM32CubeIDE.app/Contents/Eclipse/plugins/com.st.stm32cube.ide.mcu.externaltools.gnu-tools-for-stm32.13.3.rel1.macos64_1.0.0.202411102158/tools/bin/../lib/gcc/arm-none-eabi/13.3.1/../../../../arm-none-eabi/lib/thumb/v7e-m+fp/hard/libm.a(libm_a-ef_rem_pio2.o)
 .rodata.two_over_pi
                0x08006700      0x318 /Applications/STM32CubeIDE.app/Contents/Eclipse/plugins/com.st.stm32cube.ide.mcu.externaltools.gnu-tools-for-stm32.13.3.rel1.macos64_1.0.0.202411102158/tools/bin/../lib/gcc/arm-none-eabi/13.3.1/../../../../arm-none-eabi/lib/thumb/v7e-m+fp/hard/libm.a(libm_a-ef_rem_pio2.o)
 .rodata.PIo2   0x08006a18       0x2c /Applications/STM32CubeIDE.app/Contents/Eclipse/plugins/com.st.stm32cube.ide.mcu.externaltools.gnu-tools-for-stm32.13.3.rel1.macos64_1.0.0.202411102158/tools/bin/../lib/gcc/arm-none-eabi/13.3.1/../../../../arm-none-eabi/lib/thumb/v7e-m+fp/hard/libm.a(libm_a-kf_rem_pio2.o)
 .rodata.init_jk
                0x08006a44        0xc /Applications/STM32CubeIDE.app/Contents/Eclipse/plugins/com.st.stm32cube.ide.mcu.externaltools.gnu-tools-for-stm32.13.3.rel1.macos64_1.0.0.202411102158/tools/bin/../lib/gcc/arm-none-eabi/13.3.1/../../../../arm-none-eabi/lib/thumb/v7e-m+fp/hard/libm.a(libm_a-kf_rem_pio2.o)
                0x08006a50                        . = ALIGN (0x4)

.ARM.extab      0x08006a50        0x0
                0x08006a50                        . = ALIGN (0x4)
 *(.ARM.extab* .gnu.linkonce.armextab.*)
                0x08006a50                        . = ALIGN (0x4)

.ARM            0x08006a50        0x8
                0x08006a50                        . = ALIGN (0x4)
                0x08006a50                        __exidx_start = .
 *(.ARM.exidx*)
 .ARM.exidx     0x08006a50        0x8 /Applications/STM32CubeIDE.app/Contents/Eclipse/plugins/com.st.stm32cube.ide.mcu.externaltools.gnu-tools-for-stm32.13.3.rel1.macos64_1.0.0.202411102158/tools/bin/../lib/gcc/arm-none-eabi/13.3.1/thumb/v7e-m+fp/hard/libgcc.a(_udivmoddi4.o)
                0x08006a58                        __exidx_end = .
                0x08006a58                        . = ALIGN (0x4)

.preinit_array  0x08006a58        0x0
                0x08006a58                        . = ALIGN (0x4)
                0x08006a58                        PROVIDE (__preinit_array_start = .)
 *(.preinit_array*)
                0x08006a58                        PROVIDE (__preinit_array_end = .)
                0x08006a58                        . = ALIGN (0x4)

.init_array     0x08006a58        0x8
                0x08006a58                        . = ALIGN (0x4)
                0x08006a58                        PROVIDE (__init_array_start = .)
 *(SORT_BY_NAME(.init_array.*))
 *(.init_array*)
 .init_array    0x08006a58        0x4 /Applications/STM32CubeIDE.app/Contents/Eclipse/plugins/com.st.stm32cube.ide.mcu.externaltools.gnu-tools-for-stm32.13.3.rel1.macos64_1.0.0.202411102158/tools/bin/../lib/gcc/arm-none-eabi/13.3.1/thumb/v7e-m+fp/hard/crtbegin.o
 .init_array    0x08006a5c        0x4 ./Core/Src/main.o
                0x08006a60                        PROVIDE (__init_array_end = .)
                0x08006a60                        . = ALIGN (0x4)

.fini_array     0x08006a60        0x8
                0x08006a60                        . = ALIGN (0x4)
                [!provide]                        PROVIDE (__fini_array_start = .)
 *(SORT_BY_NAME(.fini_array.*))
 *(.fini_array*)
 .fini_array    0x08006a60        0x4 /Applications/STM32CubeIDE.app/Contents/Eclipse/plugins/com.st.stm32cube.ide.mcu.externaltools.gnu-tools-for-stm32.13.3.rel1.macos64_1.0.0.202411102158/tools/bin/../lib/gcc/arm-none-eabi/13.3.1/thumb/v7e-m+fp/hard/crtbegin.o
 .fini_array    0x08006a64        0x4 ./Core/Src/main.o
                [!provide]                        PROVIDE (__fini_array_end = .)
                0x08006a68                        . = ALIGN (0x4)
                0x08006a68                        _sidata = LOADADDR (.data)

.rel.dyn        0x08006a68        0x0
 .rel.iplt      0x08006a68        0x0 /Applications/STM32CubeIDE.app/Contents/Eclipse/plugins/com.st.stm32cube.ide.mcu.externaltools.gnu-tools-for-stm32.13.3.rel1.macos64_1.0.0.202411102158/tools/bin/../lib/gcc/arm-none-eabi/13.3.1/thumb/v7e-m+fp/hard/crtbegin.o

.data           0x20000000       0x64 load address 0x08006a68
                0x20000000                        . = ALIGN (0x4)
                0x20000000                        _sdata = .
 *(.data)
 *(.data*)
 .data.buffer   0x20000000        0x4 ./Core/Src/main.o
                0x20000000                buffer
 .data.last_buffer
                0x20000004        0x4 ./Core/Src/main.o
                0x20000004                last_buffer
 .data.SystemCoreClock
                0x20000008        0x4 ./Core/Src/system_stm32f4xx.o
                0x20000008                SystemCoreClock
 .data.uwTickPrio
                0x2000000c        0x4 ./Drivers/STM32F4xx_HAL_Driver/Src/stm32f4xx_hal.o
                0x2000000c                uwTickPrio
 .data.uwTickFreq
                0x20000010        0x1 ./Drivers/STM32F4xx_HAL_Driver/Src/stm32f4xx_hal.o
                0x20000010                uwTickFreq
 *fill*         0x20000011        0x3 
 .data._impure_ptr
                0x20000014        0x4 /Applications/STM32CubeIDE.app/Contents/Eclipse/plugins/com.st.stm32cube.ide.mcu.externaltools.gnu-tools-for-stm32.13.3.rel1.macos64_1.0.0.202411102158/tools/bin/../lib/gcc/arm-none-eabi/13.3.1/../../../../arm-none-eabi/lib/thumb/v7e-m+fp/hard/libc_nano.a(libc_a-impure.o)
                0x20000014                _impure_ptr
 .data._impure_data
                0x20000018       0x4c /Applications/STM32CubeIDE.app/Contents/Eclipse/plugins/com.st.stm32cube.ide.mcu.externaltools.gnu-tools-for-stm32.13.3.rel1.macos64_1.0.0.202411102158/tools/bin/../lib/gcc/arm-none-eabi/13.3.1/../../../../arm-none-eabi/lib/thumb/v7e-m+fp/hard/libc_nano.a(libc_a-impure.o)
                0x20000018                _impure_data
 *(.RamFunc)
 *(.RamFunc*)
                0x20000064                        . = ALIGN (0x4)
                0x20000064                        _edata = .

.igot.plt       0x20000064        0x0 load address 0x08006acc
 .igot.plt      0x20000064        0x0 /Applications/STM32CubeIDE.app/Contents/Eclipse/plugins/com.st.stm32cube.ide.mcu.externaltools.gnu-tools-for-stm32.13.3.rel1.macos64_1.0.0.202411102158/tools/bin/../lib/gcc/arm-none-eabi/13.3.1/thumb/v7e-m+fp/hard/crtbegin.o
                0x20000064                        . = ALIGN (0x4)

.bss            0x20000064      0xb40 load address 0x08006acc
                0x20000064                        _sbss = .
                0x20000064                        __bss_start__ = _sbss
 *(.bss)
 .bss           0x20000064       0x1c /Applications/STM32CubeIDE.app/Contents/Eclipse/plugins/com.st.stm32cube.ide.mcu.externaltools.gnu-tools-for-stm32.13.3.rel1.macos64_1.0.0.202411102158/tools/bin/../lib/gcc/arm-none-eabi/13.3.1/thumb/v7e-m+fp/hard/crtbegin.o
 *(.bss*)
 .bss._ZZN11OLED_Driver11sendCommandEhE14command_buffer
                0x20000080        0x2 ./Core/Src/OLED_Driver.o
 *fill*         0x20000082        0x2 
 .bss._ZZN11OLED_Driver8sendDataEPhtE15transmit_buffer
                0x20000084      0x401 ./Core/Src/OLED_Driver.o
 .bss.screen_update_needed
                0x20000485        0x1 ./Core/Src/main.o
                0x20000485                screen_update_needed
 *fill*         0x20000486        0x2 
 .bss.encoderHandle
                0x20000488       0x48 ./Core/Src/main.o
                0x20000488                encoderHandle
 .bss.timerHandle
                0x200004d0       0x48 ./Core/Src/main.o
                0x200004d0                timerHandle
 .bss.pwmHandle
                0x20000518       0x48 ./Core/Src/main.o
                0x20000518                pwmHandle
 .bss.i2cHandle
                0x20000560       0x54 ./Core/Src/main.o
                0x20000560                i2cHandle
 .bss.oled      0x200005b4      0x3ec ./Core/Src/main.o
                0x200005b4                oled
 .bss.hdma_timer
                0x200009a0       0x60 ./Core/Src/stm32f4xx_hal_msp.o
                0x200009a0                hdma_timer
 .bss.hdma_i2c  0x20000a00       0x60 ./Core/Src/stm32f4xx_hal_msp.o
                0x20000a00                hdma_i2c
 .bss.uwTick    0x20000a60        0x4 ./Drivers/STM32F4xx_HAL_Driver/Src/stm32f4xx_hal.o
                0x20000a60                uwTick
 .bss.__malloc_free_list
                0x20000a64        0x4 /Applications/STM32CubeIDE.app/Contents/Eclipse/plugins/com.st.stm32cube.ide.mcu.externaltools.gnu-tools-for-stm32.13.3.rel1.macos64_1.0.0.202411102158/tools/bin/../lib/gcc/arm-none-eabi/13.3.1/../../../../arm-none-eabi/lib/thumb/v7e-m+fp/hard/libc_nano.a(libc_a-mallocr.o)
                0x20000a64                __malloc_free_list
 .bss.__sf      0x20000a68      0x138 /Applications/STM32CubeIDE.app/Contents/Eclipse/plugins/com.st.stm32cube.ide.mcu.externaltools.gnu-tools-for-stm32.13.3.rel1.macos64_1.0.0.202411102158/tools/bin/../lib/gcc/arm-none-eabi/13.3.1/../../../../arm-none-eabi/lib/thumb/v7e-m+fp/hard/libc_nano.a(libc_a-findfp.o)
                0x20000a68                __sf
 .bss.__lock___malloc_recursive_mutex
                0x20000ba0        0x1 /Applications/STM32CubeIDE.app/Contents/Eclipse/plugins/com.st.stm32cube.ide.mcu.externaltools.gnu-tools-for-stm32.13.3.rel1.macos64_1.0.0.202411102158/tools/bin/../lib/gcc/arm-none-eabi/13.3.1/../../../../arm-none-eabi/lib/thumb/v7e-m+fp/hard/libc_nano.a(libc_a-lock.o)
                0x20000ba0                __lock___malloc_recursive_mutex
 *(COMMON)
                0x20000ba4                        . = ALIGN (0x4)
 *fill*         0x20000ba1        0x3 
                0x20000ba4                        _ebss = .
                0x20000ba4                        __bss_end__ = _ebss

._user_heap_stack
                0x20000ba4      0x604 load address 0x08006acc
                0x20000ba8                        . = ALIGN (0x8)
 *fill*         0x20000ba4        0x4 
                [!provide]                        PROVIDE (end = .)
                0x20000ba8                        PROVIDE (_end = .)
                0x20000da8                        . = (. + _Min_Heap_Size)
 *fill*         0x20000ba8      0x200 
                0x200011a8                        . = (. + _Min_Stack_Size)
 *fill*         0x20000da8      0x400 
                0x200011a8                        . = ALIGN (0x8)

/DISCARD/
 libc.a(*)
 libm.a(*)
 libgcc.a(*)

.ARM.attributes
                0x00000000       0x30
 *(.ARM.attributes)
 .ARM.attributes
                0x00000000       0x22 /Applications/STM32CubeIDE.app/Contents/Eclipse/plugins/com.st.stm32cube.ide.mcu.externaltools.gnu-tools-for-stm32.13.3.rel1.macos64_1.0.0.202411102158/tools/bin/../lib/gcc/arm-none-eabi/13.3.1/thumb/v7e-m+fp/hard/crti.o
 .ARM.attributes
                0x00000022       0x34 /Applications/STM32CubeIDE.app/Contents/Eclipse/plugins/com.st.stm32cube.ide.mcu.externaltools.gnu-tools-for-stm32.13.3.rel1.macos64_1.0.0.202411102158/tools/bin/../lib/gcc/arm-none-eabi/13.3.1/thumb/v7e-m+fp/hard/crtbegin.o
 .ARM.attributes
                0x00000056       0x34 ./Core/Src/GFX.o
 .ARM.attributes
                0x0000008a       0x34 ./Core/Src/OLED_Driver.o
 .ARM.attributes
                0x000000be       0x34 ./Core/Src/encoder.o
 .ARM.attributes
                0x000000f2       0x34 ./Core/Src/i2c.o
 .ARM.attributes
                0x00000126       0x34 ./Core/Src/main.o
 .ARM.attributes
                0x0000015a       0x34 ./Core/Src/pwm.o
 .ARM.attributes
                0x0000018e       0x34 ./Core/Src/stm32f4xx_hal_msp.o
 .ARM.attributes
                0x000001c2       0x34 ./Core/Src/stm32f4xx_it.o
 .ARM.attributes
                0x000001f6       0x34 ./Core/Src/system_stm32f4xx.o
 .ARM.attributes
                0x0000022a       0x34 ./Core/Src/timer.o
 .ARM.attributes
                0x0000025e       0x21 ./Core/Startup/startup_stm32f411ceux.o
 .ARM.attributes
                0x0000027f       0x34 ./Drivers/STM32F4xx_HAL_Driver/Src/stm32f4xx_hal.o
 .ARM.attributes
                0x000002b3       0x34 ./Drivers/STM32F4xx_HAL_Driver/Src/stm32f4xx_hal_cortex.o
 .ARM.attributes
                0x000002e7       0x34 ./Drivers/STM32F4xx_HAL_Driver/Src/stm32f4xx_hal_dma.o
 .ARM.attributes
                0x0000031b       0x34 ./Drivers/STM32F4xx_HAL_Driver/Src/stm32f4xx_hal_gpio.o
 .ARM.attributes
                0x0000034f       0x34 ./Drivers/STM32F4xx_HAL_Driver/Src/stm32f4xx_hal_i2c.o
 .ARM.attributes
                0x00000383       0x34 ./Drivers/STM32F4xx_HAL_Driver/Src/stm32f4xx_hal_rcc.o
 .ARM.attributes
                0x000003b7       0x34 ./Drivers/STM32F4xx_HAL_Driver/Src/stm32f4xx_hal_tim.o
 .ARM.attributes
                0x000003eb       0x34 /Applications/STM32CubeIDE.app/Contents/Eclipse/plugins/com.st.stm32cube.ide.mcu.externaltools.gnu-tools-for-stm32.13.3.rel1.macos64_1.0.0.202411102158/tools/bin/../lib/gcc/arm-none-eabi/13.3.1/../../../../arm-none-eabi/lib/thumb/v7e-m+fp/hard/libstdc++_nano.a(del_ops.o)
 .ARM.attributes
                0x0000041f       0x34 /Applications/STM32CubeIDE.app/Contents/Eclipse/plugins/com.st.stm32cube.ide.mcu.externaltools.gnu-tools-for-stm32.13.3.rel1.macos64_1.0.0.202411102158/tools/bin/../lib/gcc/arm-none-eabi/13.3.1/../../../../arm-none-eabi/lib/thumb/v7e-m+fp/hard/libstdc++_nano.a(del_op.o)
 .ARM.attributes
                0x00000453       0x34 /Applications/STM32CubeIDE.app/Contents/Eclipse/plugins/com.st.stm32cube.ide.mcu.externaltools.gnu-tools-for-stm32.13.3.rel1.macos64_1.0.0.202411102158/tools/bin/../lib/gcc/arm-none-eabi/13.3.1/../../../../arm-none-eabi/lib/thumb/v7e-m+fp/hard/libm.a(libm_a-sf_cos.o)
 .ARM.attributes
                0x00000487       0x34 /Applications/STM32CubeIDE.app/Contents/Eclipse/plugins/com.st.stm32cube.ide.mcu.externaltools.gnu-tools-for-stm32.13.3.rel1.macos64_1.0.0.202411102158/tools/bin/../lib/gcc/arm-none-eabi/13.3.1/../../../../arm-none-eabi/lib/thumb/v7e-m+fp/hard/libm.a(libm_a-sf_sin.o)
 .ARM.attributes
                0x000004bb       0x34 /Applications/STM32CubeIDE.app/Contents/Eclipse/plugins/com.st.stm32cube.ide.mcu.externaltools.gnu-tools-for-stm32.13.3.rel1.macos64_1.0.0.202411102158/tools/bin/../lib/gcc/arm-none-eabi/13.3.1/../../../../arm-none-eabi/lib/thumb/v7e-m+fp/hard/libm.a(libm_a-kf_cos.o)
 .ARM.attributes
                0x000004ef       0x34 /Applications/STM32CubeIDE.app/Contents/Eclipse/plugins/com.st.stm32cube.ide.mcu.externaltools.gnu-tools-for-stm32.13.3.rel1.macos64_1.0.0.202411102158/tools/bin/../lib/gcc/arm-none-eabi/13.3.1/../../../../arm-none-eabi/lib/thumb/v7e-m+fp/hard/libm.a(libm_a-kf_sin.o)
 .ARM.attributes
                0x00000523       0x34 /Applications/STM32CubeIDE.app/Contents/Eclipse/plugins/com.st.stm32cube.ide.mcu.externaltools.gnu-tools-for-stm32.13.3.rel1.macos64_1.0.0.202411102158/tools/bin/../lib/gcc/arm-none-eabi/13.3.1/../../../../arm-none-eabi/lib/thumb/v7e-m+fp/hard/libm.a(libm_a-ef_rem_pio2.o)
 .ARM.attributes
                0x00000557       0x34 /Applications/STM32CubeIDE.app/Contents/Eclipse/plugins/com.st.stm32cube.ide.mcu.externaltools.gnu-tools-for-stm32.13.3.rel1.macos64_1.0.0.202411102158/tools/bin/../lib/gcc/arm-none-eabi/13.3.1/../../../../arm-none-eabi/lib/thumb/v7e-m+fp/hard/libm.a(libm_a-sf_fabs.o)
 .ARM.attributes
                0x0000058b       0x34 /Applications/STM32CubeIDE.app/Contents/Eclipse/plugins/com.st.stm32cube.ide.mcu.externaltools.gnu-tools-for-stm32.13.3.rel1.macos64_1.0.0.202411102158/tools/bin/../lib/gcc/arm-none-eabi/13.3.1/../../../../arm-none-eabi/lib/thumb/v7e-m+fp/hard/libm.a(libm_a-kf_rem_pio2.o)
 .ARM.attributes
                0x000005bf       0x34 /Applications/STM32CubeIDE.app/Contents/Eclipse/plugins/com.st.stm32cube.ide.mcu.externaltools.gnu-tools-for-stm32.13.3.rel1.macos64_1.0.0.202411102158/tools/bin/../lib/gcc/arm-none-eabi/13.3.1/../../../../arm-none-eabi/lib/thumb/v7e-m+fp/hard/libm.a(libm_a-sf_floor.o)
 .ARM.attributes
                0x000005f3       0x34 /Applications/STM32CubeIDE.app/Contents/Eclipse/plugins/com.st.stm32cube.ide.mcu.externaltools.gnu-tools-for-stm32.13.3.rel1.macos64_1.0.0.202411102158/tools/bin/../lib/gcc/arm-none-eabi/13.3.1/../../../../arm-none-eabi/lib/thumb/v7e-m+fp/hard/libm.a(libm_a-sf_scalbn.o)
 .ARM.attributes
                0x00000627       0x34 /Applications/STM32CubeIDE.app/Contents/Eclipse/plugins/com.st.stm32cube.ide.mcu.externaltools.gnu-tools-for-stm32.13.3.rel1.macos64_1.0.0.202411102158/tools/bin/../lib/gcc/arm-none-eabi/13.3.1/../../../../arm-none-eabi/lib/thumb/v7e-m+fp/hard/libc_nano.a(libc_a-malloc.o)
 .ARM.attributes
                0x0000065b       0x34 /Applications/STM32CubeIDE.app/Contents/Eclipse/plugins/com.st.stm32cube.ide.mcu.externaltools.gnu-tools-for-stm32.13.3.rel1.macos64_1.0.0.202411102158/tools/bin/../lib/gcc/arm-none-eabi/13.3.1/../../../../arm-none-eabi/lib/thumb/v7e-m+fp/hard/libc_nano.a(libc_a-mallocr.o)
 .ARM.attributes
                0x0000068f       0x34 /Applications/STM32CubeIDE.app/Contents/Eclipse/plugins/com.st.stm32cube.ide.mcu.externaltools.gnu-tools-for-stm32.13.3.rel1.macos64_1.0.0.202411102158/tools/bin/../lib/gcc/arm-none-eabi/13.3.1/../../../../arm-none-eabi/lib/thumb/v7e-m+fp/hard/libc_nano.a(libc_a-mlock.o)
 .ARM.attributes
                0x000006c3       0x34 /Applications/STM32CubeIDE.app/Contents/Eclipse/plugins/com.st.stm32cube.ide.mcu.externaltools.gnu-tools-for-stm32.13.3.rel1.macos64_1.0.0.202411102158/tools/bin/../lib/gcc/arm-none-eabi/13.3.1/../../../../arm-none-eabi/lib/thumb/v7e-m+fp/hard/libc_nano.a(libc_a-findfp.o)
 .ARM.attributes
                0x000006f7       0x34 /Applications/STM32CubeIDE.app/Contents/Eclipse/plugins/com.st.stm32cube.ide.mcu.externaltools.gnu-tools-for-stm32.13.3.rel1.macos64_1.0.0.202411102158/tools/bin/../lib/gcc/arm-none-eabi/13.3.1/../../../../arm-none-eabi/lib/thumb/v7e-m+fp/hard/libc_nano.a(libc_a-memset.o)
 .ARM.attributes
                0x0000072b       0x34 /Applications/STM32CubeIDE.app/Contents/Eclipse/plugins/com.st.stm32cube.ide.mcu.externaltools.gnu-tools-for-stm32.13.3.rel1.macos64_1.0.0.202411102158/tools/bin/../lib/gcc/arm-none-eabi/13.3.1/../../../../arm-none-eabi/lib/thumb/v7e-m+fp/hard/libc_nano.a(libc_a-init.o)
 .ARM.attributes
                0x0000075f       0x34 /Applications/STM32CubeIDE.app/Contents/Eclipse/plugins/com.st.stm32cube.ide.mcu.externaltools.gnu-tools-for-stm32.13.3.rel1.macos64_1.0.0.202411102158/tools/bin/../lib/gcc/arm-none-eabi/13.3.1/../../../../arm-none-eabi/lib/thumb/v7e-m+fp/hard/libc_nano.a(libc_a-lock.o)
 .ARM.attributes
                0x00000793       0x34 /Applications/STM32CubeIDE.app/Contents/Eclipse/plugins/com.st.stm32cube.ide.mcu.externaltools.gnu-tools-for-stm32.13.3.rel1.macos64_1.0.0.202411102158/tools/bin/../lib/gcc/arm-none-eabi/13.3.1/../../../../arm-none-eabi/lib/thumb/v7e-m+fp/hard/libc_nano.a(libc_a-impure.o)
 .ARM.attributes
                0x000007c7       0x34 /Applications/STM32CubeIDE.app/Contents/Eclipse/plugins/com.st.stm32cube.ide.mcu.externaltools.gnu-tools-for-stm32.13.3.rel1.macos64_1.0.0.202411102158/tools/bin/../lib/gcc/arm-none-eabi/13.3.1/../../../../arm-none-eabi/lib/thumb/v7e-m+fp/hard/libc_nano.a(libc_a-memcpy-stub.o)
 .ARM.attributes
                0x000007fb       0x34 /Applications/STM32CubeIDE.app/Contents/Eclipse/plugins/com.st.stm32cube.ide.mcu.externaltools.gnu-tools-for-stm32.13.3.rel1.macos64_1.0.0.202411102158/tools/bin/../lib/gcc/arm-none-eabi/13.3.1/../../../../arm-none-eabi/lib/thumb/v7e-m+fp/hard/libc_nano.a(libc_a-freer.o)
 .ARM.attributes
                0x0000082f       0x22 /Applications/STM32CubeIDE.app/Contents/Eclipse/plugins/com.st.stm32cube.ide.mcu.externaltools.gnu-tools-for-stm32.13.3.rel1.macos64_1.0.0.202411102158/tools/bin/../lib/gcc/arm-none-eabi/13.3.1/thumb/v7e-m+fp/hard/libgcc.a(_aeabi_uldivmod.o)
 .ARM.attributes
                0x00000851       0x34 /Applications/STM32CubeIDE.app/Contents/Eclipse/plugins/com.st.stm32cube.ide.mcu.externaltools.gnu-tools-for-stm32.13.3.rel1.macos64_1.0.0.202411102158/tools/bin/../lib/gcc/arm-none-eabi/13.3.1/thumb/v7e-m+fp/hard/libgcc.a(_udivmoddi4.o)
 .ARM.attributes
                0x00000885       0x22 /Applications/STM32CubeIDE.app/Contents/Eclipse/plugins/com.st.stm32cube.ide.mcu.externaltools.gnu-tools-for-stm32.13.3.rel1.macos64_1.0.0.202411102158/tools/bin/../lib/gcc/arm-none-eabi/13.3.1/thumb/v7e-m+fp/hard/libgcc.a(_dvmd_tls.o)
 .ARM.attributes
                0x000008a7       0x22 /Applications/STM32CubeIDE.app/Contents/Eclipse/plugins/com.st.stm32cube.ide.mcu.externaltools.gnu-tools-for-stm32.13.3.rel1.macos64_1.0.0.202411102158/tools/bin/../lib/gcc/arm-none-eabi/13.3.1/thumb/v7e-m+fp/hard/crtn.o
OUTPUT(motors.elf elf32-littlearm)
LOAD linker stubs
LOAD /Applications/STM32CubeIDE.app/Contents/Eclipse/plugins/com.st.stm32cube.ide.mcu.externaltools.gnu-tools-for-stm32.13.3.rel1.macos64_1.0.0.202411102158/tools/bin/../lib/gcc/arm-none-eabi/13.3.1/../../../../arm-none-eabi/lib/thumb/v7e-m+fp/hard/libc.a
LOAD /Applications/STM32CubeIDE.app/Contents/Eclipse/plugins/com.st.stm32cube.ide.mcu.externaltools.gnu-tools-for-stm32.13.3.rel1.macos64_1.0.0.202411102158/tools/bin/../lib/gcc/arm-none-eabi/13.3.1/../../../../arm-none-eabi/lib/thumb/v7e-m+fp/hard/libm.a
LOAD /Applications/STM32CubeIDE.app/Contents/Eclipse/plugins/com.st.stm32cube.ide.mcu.externaltools.gnu-tools-for-stm32.13.3.rel1.macos64_1.0.0.202411102158/tools/bin/../lib/gcc/arm-none-eabi/13.3.1/thumb/v7e-m+fp/hard/libgcc.a

.debug_info     0x00000000    0x18288
 .debug_info    0x00000000     0x189d ./Core/Src/GFX.o
 .debug_info    0x0000189d     0x22ca ./Core/Src/OLED_Driver.o
 .debug_info    0x00003b67     0x1b7d ./Core/Src/encoder.o
 .debug_info    0x000056e4      0x872 ./Core/Src/i2c.o
 .debug_info    0x00005f56     0x29d0 ./Core/Src/main.o
 .debug_info    0x00008926     0x1b7b ./Core/Src/pwm.o
 .debug_info    0x0000a4a1     0x25da ./Core/Src/stm32f4xx_hal_msp.o
 .debug_info    0x0000ca7b     0x1b46 ./Core/Src/stm32f4xx_it.o
 .debug_info    0x0000e5c1      0x53e ./Core/Src/system_stm32f4xx.o
 .debug_info    0x0000eaff     0x1afa ./Core/Src/timer.o
 .debug_info    0x000105f9       0x30 ./Core/Startup/startup_stm32f411ceux.o
 .debug_info    0x00010629      0x8c4 ./Drivers/STM32F4xx_HAL_Driver/Src/stm32f4xx_hal.o
 .debug_info    0x00010eed      0xcfc ./Drivers/STM32F4xx_HAL_Driver/Src/stm32f4xx_hal_cortex.o
 .debug_info    0x00011be9      0x8e6 ./Drivers/STM32F4xx_HAL_Driver/Src/stm32f4xx_hal_dma.o
 .debug_info    0x000124cf      0x6f9 ./Drivers/STM32F4xx_HAL_Driver/Src/stm32f4xx_hal_gpio.o
 .debug_info    0x00012bc8     0x2426 ./Drivers/STM32F4xx_HAL_Driver/Src/stm32f4xx_hal_i2c.o
 .debug_info    0x00014fee      0x904 ./Drivers/STM32F4xx_HAL_Driver/Src/stm32f4xx_hal_rcc.o
 .debug_info    0x000158f2     0x2996 ./Drivers/STM32F4xx_HAL_Driver/Src/stm32f4xx_hal_tim.o

.debug_abbrev   0x00000000     0x2e18
 .debug_abbrev  0x00000000      0x2c2 ./Core/Src/GFX.o
 .debug_abbrev  0x000002c2      0x4df ./Core/Src/OLED_Driver.o
 .debug_abbrev  0x000007a1      0x256 ./Core/Src/encoder.o
 .debug_abbrev  0x000009f7      0x266 ./Core/Src/i2c.o
 .debug_abbrev  0x00000c5d      0x54c ./Core/Src/main.o
 .debug_abbrev  0x000011a9      0x258 ./Core/Src/pwm.o
 .debug_abbrev  0x00001401      0x2ee ./Core/Src/stm32f4xx_hal_msp.o
 .debug_abbrev  0x000016ef      0x22c ./Core/Src/stm32f4xx_it.o
 .debug_abbrev  0x0000191b      0x11a ./Core/Src/system_stm32f4xx.o
 .debug_abbrev  0x00001a35      0x266 ./Core/Src/timer.o
 .debug_abbrev  0x00001c9b       0x24 ./Core/Startup/startup_stm32f411ceux.o
 .debug_abbrev  0x00001cbf      0x24b ./Drivers/STM32F4xx_HAL_Driver/Src/stm32f4xx_hal.o
 .debug_abbrev  0x00001f0a      0x31d ./Drivers/STM32F4xx_HAL_Driver/Src/stm32f4xx_hal_cortex.o
 .debug_abbrev  0x00002227      0x221 ./Drivers/STM32F4xx_HAL_Driver/Src/stm32f4xx_hal_dma.o
 .debug_abbrev  0x00002448      0x1d3 ./Drivers/STM32F4xx_HAL_Driver/Src/stm32f4xx_hal_gpio.o
 .debug_abbrev  0x0000261b      0x2bc ./Drivers/STM32F4xx_HAL_Driver/Src/stm32f4xx_hal_i2c.o
 .debug_abbrev  0x000028d7      0x2b6 ./Drivers/STM32F4xx_HAL_Driver/Src/stm32f4xx_hal_rcc.o
 .debug_abbrev  0x00002b8d      0x28b ./Drivers/STM32F4xx_HAL_Driver/Src/stm32f4xx_hal_tim.o

.debug_aranges  0x00000000      0xcf0
 .debug_aranges
                0x00000000       0x38 ./Core/Src/GFX.o
 .debug_aranges
                0x00000038       0x78 ./Core/Src/OLED_Driver.o
 .debug_aranges
                0x000000b0       0x20 ./Core/Src/encoder.o
 .debug_aranges
                0x000000d0       0x40 ./Core/Src/i2c.o
 .debug_aranges
                0x00000110       0x78 ./Core/Src/main.o
 .debug_aranges
                0x00000188       0x20 ./Core/Src/pwm.o
 .debug_aranges
                0x000001a8       0x40 ./Core/Src/stm32f4xx_hal_msp.o
 .debug_aranges
                0x000001e8       0x88 ./Core/Src/stm32f4xx_it.o
 .debug_aranges
                0x00000270       0x28 ./Core/Src/system_stm32f4xx.o
 .debug_aranges
                0x00000298       0x28 ./Core/Src/timer.o
 .debug_aranges
                0x000002c0       0x28 ./Core/Startup/startup_stm32f411ceux.o
 .debug_aranges
                0x000002e8       0xf0 ./Drivers/STM32F4xx_HAL_Driver/Src/stm32f4xx_hal.o
 .debug_aranges
                0x000003d8      0x130 ./Drivers/STM32F4xx_HAL_Driver/Src/stm32f4xx_hal_cortex.o
 .debug_aranges
                0x00000508       0x90 ./Drivers/STM32F4xx_HAL_Driver/Src/stm32f4xx_hal_dma.o
 .debug_aranges
                0x00000598       0x58 ./Drivers/STM32F4xx_HAL_Driver/Src/stm32f4xx_hal_gpio.o
 .debug_aranges
                0x000005f0      0x2a8 ./Drivers/STM32F4xx_HAL_Driver/Src/stm32f4xx_hal_i2c.o
 .debug_aranges
                0x00000898       0x88 ./Drivers/STM32F4xx_HAL_Driver/Src/stm32f4xx_hal_rcc.o
 .debug_aranges
                0x00000920      0x3d0 ./Drivers/STM32F4xx_HAL_Driver/Src/stm32f4xx_hal_tim.o

.debug_rnglists
                0x00000000      0xa0c
 .debug_rnglists
                0x00000000       0x28 ./Core/Src/GFX.o
 .debug_rnglists
                0x00000028       0x58 ./Core/Src/OLED_Driver.o
 .debug_rnglists
                0x00000080       0x13 ./Core/Src/encoder.o
 .debug_rnglists
                0x00000093       0x2c ./Core/Src/i2c.o
 .debug_rnglists
                0x000000bf       0x64 ./Core/Src/main.o
 .debug_rnglists
                0x00000123       0x14 ./Core/Src/pwm.o
 .debug_rnglists
                0x00000137       0x2e ./Core/Src/stm32f4xx_hal_msp.o
 .debug_rnglists
                0x00000165       0x61 ./Core/Src/stm32f4xx_it.o
 .debug_rnglists
                0x000001c6       0x1a ./Core/Src/system_stm32f4xx.o
 .debug_rnglists
                0x000001e0       0x19 ./Core/Src/timer.o
 .debug_rnglists
                0x000001f9       0x19 ./Core/Startup/startup_stm32f411ceux.o
 .debug_rnglists
                0x00000212       0xaf ./Drivers/STM32F4xx_HAL_Driver/Src/stm32f4xx_hal.o
 .debug_rnglists
                0x000002c1       0xe0 ./Drivers/STM32F4xx_HAL_Driver/Src/stm32f4xx_hal_cortex.o
 .debug_rnglists
                0x000003a1       0x70 ./Drivers/STM32F4xx_HAL_Driver/Src/stm32f4xx_hal_dma.o
 .debug_rnglists
                0x00000411       0x3f ./Drivers/STM32F4xx_HAL_Driver/Src/stm32f4xx_hal_gpio.o
 .debug_rnglists
                0x00000450      0x23c ./Drivers/STM32F4xx_HAL_Driver/Src/stm32f4xx_hal_i2c.o
 .debug_rnglists
                0x0000068c       0x66 ./Drivers/STM32F4xx_HAL_Driver/Src/stm32f4xx_hal_rcc.o
 .debug_rnglists
                0x000006f2      0x31a ./Drivers/STM32F4xx_HAL_Driver/Src/stm32f4xx_hal_tim.o

.debug_macro    0x00000000    0x19540
 .debug_macro   0x00000000      0x332 ./Core/Src/GFX.o
 .debug_macro   0x00000332      0xbb0 ./Core/Src/GFX.o
 .debug_macro   0x00000ee2      0x29b ./Core/Src/GFX.o
 .debug_macro   0x0000117d       0x2e ./Core/Src/GFX.o
 .debug_macro   0x000011ab       0x28 ./Core/Src/GFX.o
 .debug_macro   0x000011d3       0x1c ./Core/Src/GFX.o
 .debug_macro   0x000011ef       0x22 ./Core/Src/GFX.o
 .debug_macro   0x00001211       0x8e ./Core/Src/GFX.o
 .debug_macro   0x0000129f       0x51 ./Core/Src/GFX.o
 .debug_macro   0x000012f0      0x103 ./Core/Src/GFX.o
 .debug_macro   0x000013f3       0x6a ./Core/Src/GFX.o
 .debug_macro   0x0000145d      0x1df ./Core/Src/GFX.o
 .debug_macro   0x0000163c       0x1c ./Core/Src/GFX.o
 .debug_macro   0x00001658       0x22 ./Core/Src/GFX.o
 .debug_macro   0x0000167a       0xfb ./Core/Src/GFX.o
 .debug_macro   0x00001775     0x1011 ./Core/Src/GFX.o
 .debug_macro   0x00002786      0x11f ./Core/Src/GFX.o
 .debug_macro   0x000028a5     0xb968 ./Core/Src/GFX.o
 .debug_macro   0x0000e20d       0x6d ./Core/Src/GFX.o
 .debug_macro   0x0000e27a     0x3693 ./Core/Src/GFX.o
 .debug_macro   0x0001190d      0x197 ./Core/Src/GFX.o
 .debug_macro   0x00011aa4       0x5c ./Core/Src/GFX.o
 .debug_macro   0x00011b00      0x45c ./Core/Src/GFX.o
 .debug_macro   0x00011f5c      0x9e9 ./Core/Src/GFX.o
 .debug_macro   0x00012945      0x115 ./Core/Src/GFX.o
 .debug_macro   0x00012a5a      0x11b ./Core/Src/GFX.o
 .debug_macro   0x00012b75       0xa5 ./Core/Src/GFX.o
 .debug_macro   0x00012c1a      0x15f ./Core/Src/GFX.o
 .debug_macro   0x00012d79      0x287 ./Core/Src/GFX.o
 .debug_macro   0x00013000       0x5f ./Core/Src/GFX.o
 .debug_macro   0x0001305f      0x236 ./Core/Src/GFX.o
 .debug_macro   0x00013295      0x132 ./Core/Src/GFX.o
 .debug_macro   0x000133c7      0x264 ./Core/Src/GFX.o
 .debug_macro   0x0001362b       0x2e ./Core/Src/GFX.o
 .debug_macro   0x00013659      0x1b5 ./Core/Src/GFX.o
 .debug_macro   0x0001380e       0x22 ./Core/Src/GFX.o
 .debug_macro   0x00013830       0xd6 ./Core/Src/GFX.o
 .debug_macro   0x00013906      0x127 ./Core/Src/GFX.o
 .debug_macro   0x00013a2d       0x85 ./Core/Src/GFX.o
 .debug_macro   0x00013ab2       0x89 ./Core/Src/GFX.o
 .debug_macro   0x00013b3b      0x8ed ./Core/Src/GFX.o
 .debug_macro   0x00014428       0x47 ./Core/Src/GFX.o
 .debug_macro   0x0001446f      0x126 ./Core/Src/GFX.o
 .debug_macro   0x00014595      0x1f2 ./Core/Src/GFX.o
 .debug_macro   0x00014787       0x10 ./Core/Src/GFX.o
 .debug_macro   0x00014797      0x409 ./Core/Src/GFX.o
 .debug_macro   0x00014ba0       0x18 ./Core/Src/GFX.o
 .debug_macro   0x00014bb8       0x61 ./Core/Src/GFX.o
 .debug_macro   0x00014c19       0x2a ./Core/Src/GFX.o
 .debug_macro   0x00014c43       0x43 ./Core/Src/GFX.o
 .debug_macro   0x00014c86       0x34 ./Core/Src/GFX.o
 .debug_macro   0x00014cba      0x38c ./Core/Src/GFX.o
 .debug_macro   0x00015046       0x16 ./Core/Src/GFX.o
 .debug_macro   0x0001505c       0x4a ./Core/Src/GFX.o
 .debug_macro   0x000150a6       0x34 ./Core/Src/GFX.o
 .debug_macro   0x000150da       0x10 ./Core/Src/GFX.o
 .debug_macro   0x000150ea       0x58 ./Core/Src/GFX.o
 .debug_macro   0x00015142       0x8e ./Core/Src/GFX.o
 .debug_macro   0x000151d0       0x16 ./Core/Src/GFX.o
 .debug_macro   0x000151e6      0x185 ./Core/Src/GFX.o
 .debug_macro   0x0001536b      0x194 ./Core/Src/GFX.o
 .debug_macro   0x000154ff       0x10 ./Core/Src/GFX.o
 .debug_macro   0x0001550f       0x16 ./Core/Src/GFX.o
 .debug_macro   0x00015525       0x3c ./Core/Src/GFX.o
 .debug_macro   0x00015561       0x16 ./Core/Src/GFX.o
 .debug_macro   0x00015577       0x29 ./Core/Src/GFX.o
 .debug_macro   0x000155a0       0x10 ./Core/Src/GFX.o
 .debug_macro   0x000155b0      0x3c7 ./Core/Src/GFX.o
 .debug_macro   0x00015977      0x379 ./Core/Src/OLED_Driver.o
 .debug_macro   0x00015cf0       0x16 ./Core/Src/OLED_Driver.o
 .debug_macro   0x00015d06       0x20 ./Core/Src/OLED_Driver.o
 .debug_macro   0x00015d26       0x16 ./Core/Src/OLED_Driver.o
 .debug_macro   0x00015d3c      0x3aa ./Core/Src/encoder.o
 .debug_macro   0x000160e6       0x46 ./Core/Src/encoder.o
 .debug_macro   0x0001612c      0x1ec ./Core/Src/i2c.o
 .debug_macro   0x00016318      0x3a6 ./Core/Src/main.o
 .debug_macro   0x000166be      0x3aa ./Core/Src/pwm.o
 .debug_macro   0x00016a68      0x3a6 ./Core/Src/stm32f4xx_hal_msp.o
 .debug_macro   0x00016e0e      0x3b0 ./Core/Src/stm32f4xx_it.o
 .debug_macro   0x000171be      0x1dd ./Core/Src/system_stm32f4xx.o
 .debug_macro   0x0001739b     0x1011 ./Core/Src/system_stm32f4xx.o
 .debug_macro   0x000183ac      0x3aa ./Core/Src/timer.o
 .debug_macro   0x00018756      0x23d ./Drivers/STM32F4xx_HAL_Driver/Src/stm32f4xx_hal.o
 .debug_macro   0x00018993      0x1dd ./Drivers/STM32F4xx_HAL_Driver/Src/stm32f4xx_hal_cortex.o
 .debug_macro   0x00018b70      0x1e3 ./Drivers/STM32F4xx_HAL_Driver/Src/stm32f4xx_hal_dma.o
 .debug_macro   0x00018d53      0x1e3 ./Drivers/STM32F4xx_HAL_Driver/Src/stm32f4xx_hal_gpio.o
 .debug_macro   0x00018f36      0x22b ./Drivers/STM32F4xx_HAL_Driver/Src/stm32f4xx_hal_i2c.o
 .debug_macro   0x00019161      0x201 ./Drivers/STM32F4xx_HAL_Driver/Src/stm32f4xx_hal_rcc.o
 .debug_macro   0x00019362      0x1de ./Drivers/STM32F4xx_HAL_Driver/Src/stm32f4xx_hal_tim.o

.debug_line     0x00000000    0x12a83
 .debug_line    0x00000000      0xd66 ./Core/Src/GFX.o
 .debug_line    0x00000d66      0xea1 ./Core/Src/OLED_Driver.o
 .debug_line    0x00001c07      0xcad ./Core/Src/encoder.o
 .debug_line    0x000028b4      0x7ac ./Core/Src/i2c.o
 .debug_line    0x00003060      0xecd ./Core/Src/main.o
 .debug_line    0x00003f2d      0xcc4 ./Core/Src/pwm.o
 .debug_line    0x00004bf1      0xd9d ./Core/Src/stm32f4xx_hal_msp.o
 .debug_line    0x0000598e      0xda7 ./Core/Src/stm32f4xx_it.o
 .debug_line    0x00006735      0x76a ./Core/Src/system_stm32f4xx.o
 .debug_line    0x00006e9f      0xccf ./Core/Src/timer.o
 .debug_line    0x00007b6e       0x7a ./Core/Startup/startup_stm32f411ceux.o
 .debug_line    0x00007be8      0x9e6 ./Drivers/STM32F4xx_HAL_Driver/Src/stm32f4xx_hal.o
 .debug_line    0x000085ce      0xcb6 ./Drivers/STM32F4xx_HAL_Driver/Src/stm32f4xx_hal_cortex.o
 .debug_line    0x00009284      0xf52 ./Drivers/STM32F4xx_HAL_Driver/Src/stm32f4xx_hal_dma.o
 .debug_line    0x0000a1d6      0xb02 ./Drivers/STM32F4xx_HAL_Driver/Src/stm32f4xx_hal_gpio.o
 .debug_line    0x0000acd8     0x3a93 ./Drivers/STM32F4xx_HAL_Driver/Src/stm32f4xx_hal_i2c.o
 .debug_line    0x0000e76b      0xdf3 ./Drivers/STM32F4xx_HAL_Driver/Src/stm32f4xx_hal_rcc.o
 .debug_line    0x0000f55e     0x3525 ./Drivers/STM32F4xx_HAL_Driver/Src/stm32f4xx_hal_tim.o

.debug_str      0x00000000    0x915a9
 .debug_str     0x00000000    0x915a9 ./Core/Src/GFX.o
                              0x8d49e (size before relaxing)
 .debug_str     0x000915a9    0x8dec3 ./Core/Src/OLED_Driver.o
 .debug_str     0x000915a9    0x8dc6d ./Core/Src/encoder.o
 .debug_str     0x000915a9    0x877a8 ./Core/Src/i2c.o
 .debug_str     0x000915a9    0x8e87d ./Core/Src/main.o
 .debug_str     0x000915a9    0x8dc4f ./Core/Src/pwm.o
 .debug_str     0x000915a9    0x8e640 ./Core/Src/stm32f4xx_hal_msp.o
 .debug_str     0x000915a9    0x8dc48 ./Core/Src/stm32f4xx_it.o
 .debug_str     0x000915a9    0x86dce ./Core/Src/system_stm32f4xx.o
 .debug_str     0x000915a9    0x8dbd0 ./Core/Src/timer.o
 .debug_str     0x000915a9       0x74 ./Core/Startup/startup_stm32f411ceux.o
 .debug_str     0x000915a9    0x877fa ./Drivers/STM32F4xx_HAL_Driver/Src/stm32f4xx_hal.o
 .debug_str     0x000915a9    0x87564 ./Drivers/STM32F4xx_HAL_Driver/Src/stm32f4xx_hal_cortex.o
 .debug_str     0x000915a9    0x871d6 ./Drivers/STM32F4xx_HAL_Driver/Src/stm32f4xx_hal_dma.o
 .debug_str     0x000915a9    0x86f49 ./Drivers/STM32F4xx_HAL_Driver/Src/stm32f4xx_hal_gpio.o
 .debug_str     0x000915a9    0x87ddf ./Drivers/STM32F4xx_HAL_Driver/Src/stm32f4xx_hal_i2c.o
 .debug_str     0x000915a9    0x87202 ./Drivers/STM32F4xx_HAL_Driver/Src/stm32f4xx_hal_rcc.o
 .debug_str     0x000915a9    0x88146 ./Drivers/STM32F4xx_HAL_Driver/Src/stm32f4xx_hal_tim.o

.comment        0x00000000       0x43
 .comment       0x00000000       0x43 ./Core/Src/GFX.o
                                 0x44 (size before relaxing)
 .comment       0x00000043       0x44 ./Core/Src/OLED_Driver.o
 .comment       0x00000043       0x44 ./Core/Src/encoder.o
 .comment       0x00000043       0x44 ./Core/Src/i2c.o
 .comment       0x00000043       0x44 ./Core/Src/main.o
 .comment       0x00000043       0x44 ./Core/Src/pwm.o
 .comment       0x00000043       0x44 ./Core/Src/stm32f4xx_hal_msp.o
 .comment       0x00000043       0x44 ./Core/Src/stm32f4xx_it.o
 .comment       0x00000043       0x44 ./Core/Src/system_stm32f4xx.o
 .comment       0x00000043       0x44 ./Core/Src/timer.o
 .comment       0x00000043       0x44 ./Drivers/STM32F4xx_HAL_Driver/Src/stm32f4xx_hal.o
 .comment       0x00000043       0x44 ./Drivers/STM32F4xx_HAL_Driver/Src/stm32f4xx_hal_cortex.o
 .comment       0x00000043       0x44 ./Drivers/STM32F4xx_HAL_Driver/Src/stm32f4xx_hal_dma.o
 .comment       0x00000043       0x44 ./Drivers/STM32F4xx_HAL_Driver/Src/stm32f4xx_hal_gpio.o
 .comment       0x00000043       0x44 ./Drivers/STM32F4xx_HAL_Driver/Src/stm32f4xx_hal_i2c.o
 .comment       0x00000043       0x44 ./Drivers/STM32F4xx_HAL_Driver/Src/stm32f4xx_hal_rcc.o
 .comment       0x00000043       0x44 ./Drivers/STM32F4xx_HAL_Driver/Src/stm32f4xx_hal_tim.o

.debug_frame    0x00000000     0x3a3c
 .debug_frame   0x00000000       0xb0 ./Core/Src/GFX.o
 .debug_frame   0x000000b0      0x1e0 ./Core/Src/OLED_Driver.o
 .debug_frame   0x00000290       0x38 ./Core/Src/encoder.o
 .debug_frame   0x000002c8       0xc0 ./Core/Src/i2c.o
 .debug_frame   0x00000388      0x198 ./Core/Src/main.o
 .debug_frame   0x00000520       0x34 ./Core/Src/pwm.o
 .debug_frame   0x00000554       0xd4 ./Core/Src/stm32f4xx_hal_msp.o
 .debug_frame   0x00000628      0x194 ./Core/Src/stm32f4xx_it.o
 .debug_frame   0x000007bc       0x58 ./Core/Src/system_stm32f4xx.o
 .debug_frame   0x00000814       0x4c ./Core/Src/timer.o
 .debug_frame   0x00000860      0x374 ./Drivers/STM32F4xx_HAL_Driver/Src/stm32f4xx_hal.o
 .debug_frame   0x00000bd4      0x508 ./Drivers/STM32F4xx_HAL_Driver/Src/stm32f4xx_hal_cortex.o
 .debug_frame   0x000010dc      0x250 ./Drivers/STM32F4xx_HAL_Driver/Src/stm32f4xx_hal_dma.o
 .debug_frame   0x0000132c      0x14c ./Drivers/STM32F4xx_HAL_Driver/Src/stm32f4xx_hal_gpio.o
 .debug_frame   0x00001478      0xc84 ./Drivers/STM32F4xx_HAL_Driver/Src/stm32f4xx_hal_i2c.o
 .debug_frame   0x000020fc      0x1f4 ./Drivers/STM32F4xx_HAL_Driver/Src/stm32f4xx_hal_rcc.o
 .debug_frame   0x000022f0     0x11b8 ./Drivers/STM32F4xx_HAL_Driver/Src/stm32f4xx_hal_tim.o
 .debug_frame   0x000034a8       0x20 /Applications/STM32CubeIDE.app/Contents/Eclipse/plugins/com.st.stm32cube.ide.mcu.externaltools.gnu-tools-for-stm32.13.3.rel1.macos64_1.0.0.202411102158/tools/bin/../lib/gcc/arm-none-eabi/13.3.1/../../../../arm-none-eabi/lib/thumb/v7e-m+fp/hard/libstdc++_nano.a(del_ops.o)
 .debug_frame   0x000034c8       0x20 /Applications/STM32CubeIDE.app/Contents/Eclipse/plugins/com.st.stm32cube.ide.mcu.externaltools.gnu-tools-for-stm32.13.3.rel1.macos64_1.0.0.202411102158/tools/bin/../lib/gcc/arm-none-eabi/13.3.1/../../../../arm-none-eabi/lib/thumb/v7e-m+fp/hard/libstdc++_nano.a(del_op.o)
 .debug_frame   0x000034e8       0x38 /Applications/STM32CubeIDE.app/Contents/Eclipse/plugins/com.st.stm32cube.ide.mcu.externaltools.gnu-tools-for-stm32.13.3.rel1.macos64_1.0.0.202411102158/tools/bin/../lib/gcc/arm-none-eabi/13.3.1/../../../../arm-none-eabi/lib/thumb/v7e-m+fp/hard/libm.a(libm_a-sf_cos.o)
 .debug_frame   0x00003520       0x38 /Applications/STM32CubeIDE.app/Contents/Eclipse/plugins/com.st.stm32cube.ide.mcu.externaltools.gnu-tools-for-stm32.13.3.rel1.macos64_1.0.0.202411102158/tools/bin/../lib/gcc/arm-none-eabi/13.3.1/../../../../arm-none-eabi/lib/thumb/v7e-m+fp/hard/libm.a(libm_a-sf_sin.o)
 .debug_frame   0x00003558       0x20 /Applications/STM32CubeIDE.app/Contents/Eclipse/plugins/com.st.stm32cube.ide.mcu.externaltools.gnu-tools-for-stm32.13.3.rel1.macos64_1.0.0.202411102158/tools/bin/../lib/gcc/arm-none-eabi/13.3.1/../../../../arm-none-eabi/lib/thumb/v7e-m+fp/hard/libm.a(libm_a-kf_cos.o)
 .debug_frame   0x00003578       0x20 /Applications/STM32CubeIDE.app/Contents/Eclipse/plugins/com.st.stm32cube.ide.mcu.externaltools.gnu-tools-for-stm32.13.3.rel1.macos64_1.0.0.202411102158/tools/bin/../lib/gcc/arm-none-eabi/13.3.1/../../../../arm-none-eabi/lib/thumb/v7e-m+fp/hard/libm.a(libm_a-kf_sin.o)
 .debug_frame   0x00003598       0x38 /Applications/STM32CubeIDE.app/Contents/Eclipse/plugins/com.st.stm32cube.ide.mcu.externaltools.gnu-tools-for-stm32.13.3.rel1.macos64_1.0.0.202411102158/tools/bin/../lib/gcc/arm-none-eabi/13.3.1/../../../../arm-none-eabi/lib/thumb/v7e-m+fp/hard/libm.a(libm_a-ef_rem_pio2.o)
 .debug_frame   0x000035d0       0x20 /Applications/STM32CubeIDE.app/Contents/Eclipse/plugins/com.st.stm32cube.ide.mcu.externaltools.gnu-tools-for-stm32.13.3.rel1.macos64_1.0.0.202411102158/tools/bin/../lib/gcc/arm-none-eabi/13.3.1/../../../../arm-none-eabi/lib/thumb/v7e-m+fp/hard/libm.a(libm_a-sf_fabs.o)
 .debug_frame   0x000035f0       0x5c /Applications/STM32CubeIDE.app/Contents/Eclipse/plugins/com.st.stm32cube.ide.mcu.externaltools.gnu-tools-for-stm32.13.3.rel1.macos64_1.0.0.202411102158/tools/bin/../lib/gcc/arm-none-eabi/13.3.1/../../../../arm-none-eabi/lib/thumb/v7e-m+fp/hard/libm.a(libm_a-kf_rem_pio2.o)
 .debug_frame   0x0000364c       0x20 /Applications/STM32CubeIDE.app/Contents/Eclipse/plugins/com.st.stm32cube.ide.mcu.externaltools.gnu-tools-for-stm32.13.3.rel1.macos64_1.0.0.202411102158/tools/bin/../lib/gcc/arm-none-eabi/13.3.1/../../../../arm-none-eabi/lib/thumb/v7e-m+fp/hard/libm.a(libm_a-sf_floor.o)
 .debug_frame   0x0000366c       0x20 /Applications/STM32CubeIDE.app/Contents/Eclipse/plugins/com.st.stm32cube.ide.mcu.externaltools.gnu-tools-for-stm32.13.3.rel1.macos64_1.0.0.202411102158/tools/bin/../lib/gcc/arm-none-eabi/13.3.1/../../../../arm-none-eabi/lib/thumb/v7e-m+fp/hard/libm.a(libm_a-sf_scalbn.o)
 .debug_frame   0x0000368c       0x30 /Applications/STM32CubeIDE.app/Contents/Eclipse/plugins/com.st.stm32cube.ide.mcu.externaltools.gnu-tools-for-stm32.13.3.rel1.macos64_1.0.0.202411102158/tools/bin/../lib/gcc/arm-none-eabi/13.3.1/../../../../arm-none-eabi/lib/thumb/v7e-m+fp/hard/libc_nano.a(libc_a-malloc.o)
 .debug_frame   0x000036bc       0x50 /Applications/STM32CubeIDE.app/Contents/Eclipse/plugins/com.st.stm32cube.ide.mcu.externaltools.gnu-tools-for-stm32.13.3.rel1.macos64_1.0.0.202411102158/tools/bin/../lib/gcc/arm-none-eabi/13.3.1/../../../../arm-none-eabi/lib/thumb/v7e-m+fp/hard/libc_nano.a(libc_a-mallocr.o)
 .debug_frame   0x0000370c       0x30 /Applications/STM32CubeIDE.app/Contents/Eclipse/plugins/com.st.stm32cube.ide.mcu.externaltools.gnu-tools-for-stm32.13.3.rel1.macos64_1.0.0.202411102158/tools/bin/../lib/gcc/arm-none-eabi/13.3.1/../../../../arm-none-eabi/lib/thumb/v7e-m+fp/hard/libc_nano.a(libc_a-mlock.o)
 .debug_frame   0x0000373c      0x144 /Applications/STM32CubeIDE.app/Contents/Eclipse/plugins/com.st.stm32cube.ide.mcu.externaltools.gnu-tools-for-stm32.13.3.rel1.macos64_1.0.0.202411102158/tools/bin/../lib/gcc/arm-none-eabi/13.3.1/../../../../arm-none-eabi/lib/thumb/v7e-m+fp/hard/libc_nano.a(libc_a-findfp.o)
 .debug_frame   0x00003880       0x20 /Applications/STM32CubeIDE.app/Contents/Eclipse/plugins/com.st.stm32cube.ide.mcu.externaltools.gnu-tools-for-stm32.13.3.rel1.macos64_1.0.0.202411102158/tools/bin/../lib/gcc/arm-none-eabi/13.3.1/../../../../arm-none-eabi/lib/thumb/v7e-m+fp/hard/libc_nano.a(libc_a-memset.o)
 .debug_frame   0x000038a0       0x2c /Applications/STM32CubeIDE.app/Contents/Eclipse/plugins/com.st.stm32cube.ide.mcu.externaltools.gnu-tools-for-stm32.13.3.rel1.macos64_1.0.0.202411102158/tools/bin/../lib/gcc/arm-none-eabi/13.3.1/../../../../arm-none-eabi/lib/thumb/v7e-m+fp/hard/libc_nano.a(libc_a-init.o)
 .debug_frame   0x000038cc       0xb0 /Applications/STM32CubeIDE.app/Contents/Eclipse/plugins/com.st.stm32cube.ide.mcu.externaltools.gnu-tools-for-stm32.13.3.rel1.macos64_1.0.0.202411102158/tools/bin/../lib/gcc/arm-none-eabi/13.3.1/../../../../arm-none-eabi/lib/thumb/v7e-m+fp/hard/libc_nano.a(libc_a-lock.o)
 .debug_frame   0x0000397c       0x28 /Applications/STM32CubeIDE.app/Contents/Eclipse/plugins/com.st.stm32cube.ide.mcu.externaltools.gnu-tools-for-stm32.13.3.rel1.macos64_1.0.0.202411102158/tools/bin/../lib/gcc/arm-none-eabi/13.3.1/../../../../arm-none-eabi/lib/thumb/v7e-m+fp/hard/libc_nano.a(libc_a-memcpy-stub.o)
 .debug_frame   0x000039a4       0x38 /Applications/STM32CubeIDE.app/Contents/Eclipse/plugins/com.st.stm32cube.ide.mcu.externaltools.gnu-tools-for-stm32.13.3.rel1.macos64_1.0.0.202411102158/tools/bin/../lib/gcc/arm-none-eabi/13.3.1/../../../../arm-none-eabi/lib/thumb/v7e-m+fp/hard/libc_nano.a(libc_a-freer.o)
 .debug_frame   0x000039dc       0x2c /Applications/STM32CubeIDE.app/Contents/Eclipse/plugins/com.st.stm32cube.ide.mcu.externaltools.gnu-tools-for-stm32.13.3.rel1.macos64_1.0.0.202411102158/tools/bin/../lib/gcc/arm-none-eabi/13.3.1/thumb/v7e-m+fp/hard/libgcc.a(_aeabi_uldivmod.o)
 .debug_frame   0x00003a08       0x34 /Applications/STM32CubeIDE.app/Contents/Eclipse/plugins/com.st.stm32cube.ide.mcu.externaltools.gnu-tools-for-stm32.13.3.rel1.macos64_1.0.0.202411102158/tools/bin/../lib/gcc/arm-none-eabi/13.3.1/thumb/v7e-m+fp/hard/libgcc.a(_udivmoddi4.o)

.debug_line_str
                0x00000000       0x58
 .debug_line_str
                0x00000000       0x58 ./Core/Startup/startup_stm32f411ceux.o
